<html>
<body>
<pre>
<h1>礦ision Build Log</h1>
<h2>Tool Versions:</h2>
IDE-Version: μVision V5.29.0.0
Copyright (C) 2019 ARM Ltd and ARM Germany GmbH. All rights reserved.
License Information: 111 111, 111, LIC=QF82M-XUG9B-45ZT5-G0JNJ-CDLAE-87KHM
 
Tool Versions:
Toolchain:       MDK-ARM Plus  Version: 5.29.0.0
Toolchain Path:  D:\swtool\Keil5\ARM\ARMCC\Bin
C Compiler:      Armcc.exe V5.06 update 6 (build 750)
Assembler:       Armasm.exe V5.06 update 6 (build 750)
Linker/Locator:  ArmLink.exe V5.06 update 6 (build 750)
Library Manager: ArmAr.exe V5.06 update 6 (build 750)
Hex Converter:   FromElf.exe V5.06 update 6 (build 750)
CPU DLL:         SARMCM3.DLL V5.29.0.0
Dialog DLL:      DCM.DLL V1.17.3.0
Target DLL:      Segger\JL2CM3.dll V2.99.36.0
Dialog DLL:      TCM.DLL V1.36.5.0
 
<h2>Project:</h2>
F:\软件包\GD32-RTOS\iap\Template\Keil_project\Project.uvprojx
Project File Date:  04/18/2025

<h2>Output:</h2>
*** Using Compiler 'V5.06 update 6 (build 750)', folder: 'D:\swtool\Keil5\ARM\ARMCC\Bin'
Build target 'GD32F30X_HD'
compiling main.c...
..\main.c(27): warning:  #47-D: incompatible redefinition of macro "FLASH_BUF_SIZE"  (declared at line 7 of "..\flash.h")
  #define FLASH_BUF_SIZE              (4096)
..\main.c(144): warning:  #177-D: variable "from_app"  was declared but never referenced
  	uint16_t from_app[4],last_data;//--这个from_app[4]数组是用来存储是从指定地址读取数据，用来判断升级的，需要在应用程序中自己实现。
..\main.c(144): warning:  #550-D: variable "last_data"  was set but never used
  	uint16_t from_app[4],last_data;//--这个from_app[4]数组是用来存储是从指定地址读取数据，用来判断升级的，需要在应用程序中自己实现。
..\main.c: 3 warnings, 0 errors
linking...
Program Size: Code=4604 RO-data=336 RW-data=24 ZI-data=7384  
FromELF: creating hex file...
".\output\Project.axf" - 0 Error(s), 3 Warning(s).

<h2>Software Packages used:</h2>

Package Vendor: GigaDevice
                https://gd32mcu.com/data/documents/pack/GigaDevice.GD32F30x_DFP.2.2.3.pack
                GigaDevice.GD32F30x_DFP.2.2.3
                GigaDevice GD32F30x Series Device Support and Examples

<h2>Collection of Component include folders:</h2>
  .\RTE\_GD32F30X_HD
  D:\swtool\Keil5\Packs\GigaDevice\GD32F30x_DFP\2.2.3\Device\Include

<h2>Collection of Component Files used:</h2>
Build Time Elapsed:  00:00:02
</pre>
</body>
</html>
