Component: ARM Compiler 5.06 update 5 (build 528) Tool: armlink [4d35e2]

==============================================================================

Section Cross References

    gd32f30x_it.o(i.DMA0_Channel4_IRQHandler) refers to gd32f30x_dma.o(i.dma_interrupt_flag_get) for dma_interrupt_flag_get
    gd32f30x_it.o(i.DMA0_Channel4_IRQHandler) refers to gd32f30x_dma.o(i.dma_interrupt_flag_clear) for dma_interrupt_flag_clear
    gd32f30x_it.o(i.DMA0_Channel4_IRQHandler) refers to gd32f30x_dma.o(i.dma_channel_disable) for dma_channel_disable
    gd32f30x_it.o(i.DMA0_Channel4_IRQHandler) refers to i2s.o(.data) for dma_complete_flag
    gd32f30x_it.o(i.SysTick_Handler) refers to tasks.o(i.xTaskGetSchedulerState) for xTaskGetSchedulerState
    gd32f30x_it.o(i.SysTick_Handler) refers to port.o(i.xPortSysTickHandler) for xPortSysTickHandler
    gd32f30x_it.o(i.SysTick_Handler) refers to gd32f30x_it.o(.data) for i
    main.o(i.App_Main_Task) refers to i2s.o(i.App_Audio_Data_Init) for App_Audio_Data_Init
    main.o(i.App_Main_Task) refers to start.o(i.System_Start_Config) for System_Start_Config
    main.o(i.App_Main_Task) refers to meter.o(i.App_Bl0939_Init) for App_Bl0939_Init
    main.o(i.App_Main_Task) refers to order.o(i.App_OrderInit) for App_OrderInit
    main.o(i.App_Main_Task) refers to port.o(i.vPortEnterCritical) for vPortEnterCritical
    main.o(i.App_Main_Task) refers to tasks.o(i.xTaskCreate) for xTaskCreate
    main.o(i.App_Main_Task) refers to port.o(i.vPortExitCritical) for vPortExitCritical
    main.o(i.App_Main_Task) refers to tasks.o(i.vTaskDelay) for vTaskDelay
    main.o(i.App_Main_Task) refers to watchdog.o(i.Feed_Watchdog) for Feed_Watchdog
    main.o(i.App_Main_Task) refers to rtc.o(i.App_GetRtcCount) for App_GetRtcCount
    main.o(i.App_Main_Task) refers to led.o(i.App_Qrledtoggle) for App_Qrledtoggle
    main.o(i.App_Main_Task) refers to app_ckbproto.o(i.App_CkbConnectStatuProc) for App_CkbConnectStatuProc
    main.o(i.App_Main_Task) refers to netmessage.o(i.App_StartUpMessage) for App_StartUpMessage
    main.o(i.App_Main_Task) refers to bswabstr_ec200s.o(i.Abstr_Ec200sQcell) for Abstr_Ec200sQcell
    main.o(i.App_Main_Task) refers to netmessage.o(i.App_LocationMessage) for App_LocationMessage
    main.o(i.App_Main_Task) refers to netmessage.o(i.App_HeartBeatSendMessage) for App_HeartBeatSendMessage
    main.o(i.App_Main_Task) refers to netmessage.o(i.App_SendChargeStartNotify) for App_SendChargeStartNotify
    main.o(i.App_Main_Task) refers to order.o(i.App_SendOrderToBackstage) for App_SendOrderToBackstage
    main.o(i.App_Main_Task) refers to start.o(i.App_System_Order_Save) for App_System_Order_Save
    main.o(i.App_Main_Task) refers to charge.o(i.App_ChgCtrlMoneyCount) for App_ChgCtrlMoneyCount
    main.o(i.App_Main_Task) refers to device_check.o(i.App_ChgCtrlProcFuseStatus) for App_ChgCtrlProcFuseStatus
    main.o(i.App_Main_Task) refers to mcard.o(i.App_McardProcess) for App_McardProcess
    main.o(i.App_Main_Task) refers to main.o(.data) for Ec200sAbstrTask_Handle
    main.o(i.App_Main_Task) refers to bswabstr_ec200s.o(i.Abstr_Ec200sTask) for Abstr_Ec200sTask
    main.o(i.App_Main_Task) refers to bswsrv_ec200s.o(i.Srv_Ec200s_Task) for Srv_Ec200s_Task
    main.o(i.App_Main_Task) refers to charge.o(i.App_ChargeTask) for App_ChargeTask
    main.o(i.App_Main_Task) refers to i2s.o(i.App_audio_task) for App_audio_task
    main.o(i.App_Main_Task) refers to mcard.o(i.BswSrv_McardTask) for BswSrv_McardTask
    main.o(i.App_Main_Task) refers to app_ckbproto.o(i.App_CkbProtoTask) for App_CkbProtoTask
    main.o(i.App_Main_Task) refers to start.o(.bss) for SystemInfo
    main.o(i.App_Main_Task) refers to led.o(.data) for ledstatus
    main.o(i.App_Main_Task) refers to bswabstr_ec200s.o(.data) for location_cnt
    main.o(i.main) refers to gd32f30x_misc.o(i.nvic_vector_table_set) for nvic_vector_table_set
    main.o(i.main) refers to system.o(i.system_init) for system_init
    main.o(i.main) refers to printfa.o(i.__0printf) for __2printf
    main.o(i.main) refers to tasks.o(i.xTaskCreate) for xTaskCreate
    main.o(i.main) refers to tasks.o(i.vTaskStartScheduler) for vTaskStartScheduler
    main.o(i.main) refers to main.o(i.App_Main_Task) for App_Main_Task
    systick.o(i.delay_1ms) refers to systick.o(.data) for delay
    systick.o(i.systick_config) refers to gd32f30x_misc.o(i.systick_clksource_set) for systick_clksource_set
    systick.o(i.systick_config) refers to system_gd32f30x.o(.data) for SystemCoreClock
    event_groups.o(i.vEventGroupClearBitsCallback) refers to event_groups.o(i.xEventGroupClearBits) for xEventGroupClearBits
    event_groups.o(i.vEventGroupDelete) refers to tasks.o(i.vTaskSuspendAll) for vTaskSuspendAll
    event_groups.o(i.vEventGroupDelete) refers to printfa.o(i.__0printf) for __2printf
[...]
    fwdgt_counter_reload                     0x0800f429   Thumb Code    10  gd32f30x_fwdgt.o(i.fwdgt_counter_reload)
    fwdgt_enable                             0x0800f439   Thumb Code    10  gd32f30x_fwdgt.o(i.fwdgt_enable)
    gpio_bit_reset                           0x0800f4bd   Thumb Code     4  gd32f30x_gpio.o(i.gpio_bit_reset)
    gpio_bit_set                             0x0800f4c1   Thumb Code     4  gd32f30x_gpio.o(i.gpio_bit_set)
    gpio_exti_source_select                  0x0800f4c5   Thumb Code   146  gd32f30x_gpio.o(i.gpio_exti_source_select)
    gpio_init                                0x0800f55d   Thumb Code   164  gd32f30x_gpio.o(i.gpio_init)
    gpio_input_bit_get                       0x0800f601   Thumb Code    16  gd32f30x_gpio.o(i.gpio_input_bit_get)
    gpio_pin_remap_config                    0x0800f611   Thumb Code   138  gd32f30x_gpio.o(i.gpio_pin_remap_config)
    i2s_dma_init                             0x0800f6a1   Thumb Code   244  i2s.o(i.i2s_dma_init)
    i2s_enable                               0x0800f7a5   Thumb Code    10  gd32f30x_spi.o(i.i2s_enable)
    i2s_init                                 0x0800f7af   Thumb Code    28  gd32f30x_spi.o(i.i2s_init)
    i2s_psc_config                           0x0800f7cb   Thumb Code   164  gd32f30x_spi.o(i.i2s_psc_config)
    main                                     0x0800f8c1   Thumb Code    52  main.o(i.main)
    nvic_irq_disable                         0x0800f94d   Thumb Code    18  gd32f30x_misc.o(i.nvic_irq_disable)
    nvic_irq_enable                          0x0800f965   Thumb Code   156  gd32f30x_misc.o(i.nvic_irq_enable)
    nvic_priority_group_set                  0x0800fa09   Thumb Code    10  gd32f30x_misc.o(i.nvic_priority_group_set)
    nvic_vector_table_set                    0x0800fa1d   Thumb Code    12  gd32f30x_misc.o(i.nvic_vector_table_set)
    pvPortMalloc                             0x08010f35   Thumb Code   272  heap_4.o(i.pvPortMalloc)
    pvTaskIncrementMutexHeldCount            0x08011091   Thumb Code    26  tasks.o(i.pvTaskIncrementMutexHeldCount)
    pxPortInitialiseStack                    0x080110b1   Thumb Code    38  port.o(i.pxPortInitialiseStack)
    rcu_adc_clock_config                     0x080110dd   Thumb Code    98  gd32f30x_rcu.o(i.rcu_adc_clock_config)
    rcu_all_reset_flag_clear                 0x08011149   Thumb Code    14  gd32f30x_rcu.o(i.rcu_all_reset_flag_clear)
    rcu_clock_freq_get                       0x0801115d   Thumb Code   310  gd32f30x_rcu.o(i.rcu_clock_freq_get)
    rcu_flag_get                             0x080112b5   Thumb Code    30  gd32f30x_rcu.o(i.rcu_flag_get)
    rcu_osci_on                              0x080112d9   Thumb Code    28  gd32f30x_rcu.o(i.rcu_osci_on)
    rcu_osci_stab_wait                       0x080112f9   Thumb Code   266  gd32f30x_rcu.o(i.rcu_osci_stab_wait)
    rcu_periph_clock_enable                  0x08011409   Thumb Code    28  gd32f30x_rcu.o(i.rcu_periph_clock_enable)
    rcu_periph_reset_disable                 0x08011429   Thumb Code    28  gd32f30x_rcu.o(i.rcu_periph_reset_disable)
    rcu_periph_reset_enable                  0x08011449   Thumb Code    28  gd32f30x_rcu.o(i.rcu_periph_reset_enable)
    realloc                                  0x08011469   Thumb Code   102  mallocr.o(i.realloc)
    spi_crc_polynomial_set                   0x08011511   Thumb Code    12  gd32f30x_spi.o(i.spi_crc_polynomial_set)
    spi_dma_enable                           0x0801151d   Thumb Code    22  gd32f30x_spi.o(i.spi_dma_enable)
    spi_enable                               0x08011533   Thumb Code    10  gd32f30x_spi.o(i.spi_enable)
    spi_i2s_data_receive                     0x0801153d   Thumb Code     8  gd32f30x_spi.o(i.spi_i2s_data_receive)
    spi_i2s_data_transmit                    0x08011545   Thumb Code     4  gd32f30x_spi.o(i.spi_i2s_data_transmit)
    spi_i2s_deinit                           0x08011549   Thumb Code    82  gd32f30x_spi.o(i.spi_i2s_deinit)
    spi_i2s_flag_get                         0x080115a1   Thumb Code    16  gd32f30x_spi.o(i.spi_i2s_flag_get)
    spi_i2s_interrupt_disable                0x080115b1   Thumb Code    48  gd32f30x_spi.o(i.spi_i2s_interrupt_disable)
    spi_init                                 0x080115e1   Thumb Code    50  gd32f30x_spi.o(i.spi_init)
    system_init                              0x08011731   Thumb Code    60  system.o(i.system_init)
    system_reset_reason                      0x0801176d   Thumb Code   132  system.o(i.system_reset_reason)
    systick_clksource_set                    0x08011881   Thumb Code    40  gd32f30x_misc.o(i.systick_clksource_set)
    systick_config                           0x080118a9   Thumb Code   102  systick.o(i.systick_config)
    timer7_init                              0x0801191d   Thumb Code   110  timer.o(i.timer7_init)
    timer_auto_reload_shadow_enable          0x08011991   Thumb Code    10  gd32f30x_timer.o(i.timer_auto_reload_shadow_enable)
    timer_deinit                             0x0801199d   Thumb Code   210  gd32f30x_timer.o(i.timer_deinit)
    timer_disable                            0x08011a79   Thumb Code    10  gd32f30x_timer.o(i.timer_disable)
    timer_enable                             0x08011a83   Thumb Code    10  gd32f30x_timer.o(i.timer_enable)
    timer_flag_clear                         0x08011a8d   Thumb Code     8  gd32f30x_timer.o(i.timer_flag_clear)
    timer_init                               0x08011a95   Thumb Code   122  gd32f30x_timer.o(i.timer_init)
    timer_interrupt_disable                  0x08011b2d   Thumb Code     8  gd32f30x_timer.o(i.timer_interrupt_disable)
    timer_interrupt_enable                   0x08011b35   Thumb Code     8  gd32f30x_timer.o(i.timer_interrupt_enable)
    timer_interrupt_flag_clear               0x08011b3d   Thumb Code     8  gd32f30x_timer.o(i.timer_interrupt_flag_clear)
    timer_interrupt_flag_get                 0x08011b45   Thumb Code    24  gd32f30x_timer.o(i.timer_interrupt_flag_get)
    timer_prescaler_config                   0x08011b5d   Thumb Code    14  gd32f30x_timer.o(i.timer_prescaler_config)
    ulTaskGenericNotifyTake                  0x08011b6d   Thumb Code   150  tasks.o(i.ulTaskGenericNotifyTake)
    usart_baudrate_set                       0x08011c59   Thumb Code   140  gd32f30x_usart.o(i.usart_baudrate_set)
    usart_data_receive                       0x08011ced   Thumb Code    10  gd32f30x_usart.o(i.usart_data_receive)
    usart_data_transmit                      0x08011cf7   Thumb Code     8  gd32f30x_usart.o(i.usart_data_transmit)
    usart_deinit                             0x08011d01   Thumb Code   136  gd32f30x_usart.o(i.usart_deinit)
    usart_enable                             0x08011d91   Thumb Code    10  gd32f30x_usart.o(i.usart_enable)
    usart_flag_get                           0x08011d9b   Thumb Code    30  gd32f30x_usart.o(i.usart_flag_get)
    usart_interrupt_enable                   0x08011db9   Thumb Code    26  gd32f30x_usart.o(i.usart_interrupt_enable)
    usart_interrupt_flag_clear               0x08011dd3   Thumb Code    26  gd32f30x_usart.o(i.usart_interrupt_flag_clear)
    usart_interrupt_flag_get                 0x08011ded   Thumb Code    56  gd32f30x_usart.o(i.usart_interrupt_flag_get)
    usart_parity_config                      0x08011e25   Thumb Code    16  gd32f30x_usart.o(i.usart_parity_config)
    usart_receive_config                     0x08011e35   Thumb Code    16  gd32f30x_usart.o(i.usart_receive_config)
    usart_stop_bit_set                       0x08011e45   Thumb Code    16  gd32f30x_usart.o(i.usart_stop_bit_set)
    usart_transmit_config                    0x08011e55   Thumb Code    16  gd32f30x_usart.o(i.usart_transmit_config)
    usart_word_length_set                    0x08011e65   Thumb Code    16  gd32f30x_usart.o(i.usart_word_length_set)
    uxListRemove                             0x08011fa1   Thumb Code    40  list.o(i.uxListRemove)
    vListInitialise                          0x08011fc9   Thumb Code    26  list.o(i.vListInitialise)
    vListInitialiseItem                      0x08011fe3   Thumb Code     6  list.o(i.vListInitialiseItem)
    vListInsert                              0x08011fe9   Thumb Code    52  list.o(i.vListInsert)
    vListInsertEnd                           0x0801201d   Thumb Code    24  list.o(i.vListInsertEnd)
    vPortEnterCritical                       0x08012035   Thumb Code    68  port.o(i.vPortEnterCritical)
    vPortExitCritical                        0x080120b9   Thumb Code    48  port.o(i.vPortExitCritical)
    vPortFree                                0x08012125   Thumb Code   130  heap_4.o(i.vPortFree)
    vPortSetupTimerInterrupt                 0x080121e9   Thumb Code    36  port.o(i.vPortSetupTimerInterrupt)
    vTaskDelay                               0x08012211   Thumb Code    72  tasks.o(i.vTaskDelay)
    vTaskDelete                              0x08012289   Thumb Code   192  tasks.o(i.vTaskDelete)
    vTaskInternalSetTimeOutState             0x08012399   Thumb Code    14  tasks.o(i.vTaskInternalSetTimeOutState)
    vTaskMissedYield                         0x080123b1   Thumb Code     8  tasks.o(i.vTaskMissedYield)
    vTaskPlaceOnEventList                    0x080123bd   Thumb Code    42  tasks.o(i.vTaskPlaceOnEventList)
    vTaskPriorityDisinheritAfterTimeout      0x08012415   Thumb Code   196  tasks.o(i.vTaskPriorityDisinheritAfterTimeout)
    vTaskResume                              0x0801250d   Thumb Code   118  tasks.o(i.vTaskResume)
    vTaskStartScheduler                      0x080125bd   Thumb Code    98  tasks.o(i.vTaskStartScheduler)
    vTaskSuspend                             0x08012665   Thumb Code   214  tasks.o(i.vTaskSuspend)
    vTaskSuspendAll                          0x08012785   Thumb Code    12  tasks.o(i.vTaskSuspendAll)
    vTaskSwitchContext                       0x08012795   Thumb Code   110  tasks.o(i.vTaskSwitchContext)
    xPortStartScheduler                      0x08012841   Thumb Code   290  port.o(i.xPortStartScheduler)
    xPortSysTickHandler                      0x080129b9   Thumb Code    46  port.o(i.xPortSysTickHandler)
    xQueueCreateMutex                        0x080129ed   Thumb Code    34  queue.o(i.xQueueCreateMutex)
    xQueueGenericCreate                      0x08012a11   Thumb Code   104  queue.o(i.xQueueGenericCreate)
    xQueueGenericReset                       0x08012aa1   Thumb Code   136  queue.o(i.xQueueGenericReset)
    xQueueGenericSend                        0x08012b55   Thumb Code   426  queue.o(i.xQueueGenericSend)
    xQueueGiveMutexRecursive                 0x08012d2d   Thumb Code    62  queue.o(i.xQueueGiveMutexRecursive)
    xQueueSemaphoreTake                      0x08012d95   Thumb Code   394  queue.o(i.xQueueSemaphoreTake)
    xQueueTakeMutexRecursive                 0x08012f4d   Thumb Code    68  queue.o(i.xQueueTakeMutexRecursive)
    xTaskCheckForTimeOut                     0x08012fb9   Thumb Code   116  tasks.o(i.xTaskCheckForTimeOut)
    xTaskCreate                              0x0801305d   Thumb Code    96  tasks.o(i.xTaskCreate)
    xTaskGenericNotify                       0x080130bd   Thumb Code   322  tasks.o(i.xTaskGenericNotify)
    xTaskGetCurrentTaskHandle                0x0801323d   Thumb Code     6  tasks.o(i.xTaskGetCurrentTaskHandle)
    xTaskGetSchedulerState                   0x08013249   Thumb Code    24  tasks.o(i.xTaskGetSchedulerState)
    xTaskIncrementTick                       0x08013269   Thumb Code   272  tasks.o(i.xTaskIncrementTick)
    xTaskPriorityDisinherit                  0x080133cd   Thumb Code   154  tasks.o(i.xTaskPriorityDisinherit)
    xTaskPriorityInherit                     0x0801349d   Thumb Code   172  tasks.o(i.xTaskPriorityInherit)
    xTaskRemoveFromEventList                 0x08013555   Thumb Code   118  tasks.o(i.xTaskRemoveFromEventList)
    xTaskResumeAll                           0x0801360d   Thumb Code   214  tasks.o(i.xTaskResumeAll)
    crctab                                   0x08013730   Data         512  sys.o(.constdata)
    AbstrEc200sGprsInitTable                 0x08013930   Data         400  bswabstr_ec200s.o(.constdata)
    __ctype_table                            0x08013ac0   Data         129  ctype_o.o(.constdata)
    Region$$Table$$Base                      0x08013cf8   Number         0  anon$$obj.o(Region$$Table)
    Region$$Table$$Limit                     0x08013d18   Number         0  anon$$obj.o(Region$$Table)
    i                                        0x20000000   Data           4  gd32f30x_it.o(.data)
    Ec200sAbstrTask_Handle                   0x20000004   Data           4  main.o(.data)
    SrcEc200sAbstrTask_Handle                0x20000008   Data           4  main.o(.data)
    pxCurrentTCB                             0x20000010   Data           4  tasks.o(.data)
    SystemCoreClock                          0x20000078   Data           4  system_gd32f30x.o(.data)
    dma_complete_flag                        0x20000112   Data           1  i2s.o(.data)
    ledstatus                                0x20000114   Data           1  led.o(.data)
    relay_open                               0x2000011c   Data           2  relay_control.o(.data)
    relay_close                              0x2000011e   Data           2  relay_control.o(.data)
    timerflag                                0x20000120   Data           1  relay_control.o(.data)
    relay_flag                               0x20000121   Data           1  relay_control.o(.data)
    Relay_Array                              0x20000124   Data          96  relay_control.o(.data)
    Fuse_Array                               0x20000184   Data          96  relay_control.o(.data)
    Chgmutex                                 0x200001e4   Data           4  charge.o(.data)
    Four_Data                                0x200001ec   Data           4  meter.o(.data)
    Voltage_K                                0x200001f0   Data           2  meter.o(.data)
    Current_K                                0x200001f2   Data           2  meter.o(.data)
    Power_K                                  0x200001f4   Data           2  meter.o(.data)
    LeakCur_K                                0x200001f6   Data           2  meter.o(.data)
    Power_K_Leak                             0x200001f8   Data           2  meter.o(.data)
    Energy_K                                 0x200001fa   Data           2  meter.o(.data)
    MeterInitflag                            0x200001fc   Data           1  meter.o(.data)
    order_head_data                          0x20000208   Data           4  order.o(.data)
    Location_status                          0x20000210   Data           1  bswabstr_ec200s.o(.data)
    AbstrEc200sGprsInitState                 0x20000211   Data           1  bswabstr_ec200s.o(.data)
    AbstrEc200sMutex                         0x20000214   Data           4  bswabstr_ec200s.o(.data)
    location_cnt                             0x20000218   Data           4  bswabstr_ec200s.o(.data)
    upgrade_flag                             0x2000021c   Data           1  bswabstr_ec200s.o(.data)
    crc                                      0x20000220   Data           4  bswabstr_ec200s.o(.data)
    heart_error_times                        0x2000022c   Data           1  netmessage.o(.data)
    Mcard_TaskHandler                        0x20000234   Data           4  mcard.o(.data)
    KeyASeed                                 0x20000238   Data          33  mcard.o(.data)
    DefaultKeyASeed                          0x20000259   Data           6  mcard.o(.data)
    cardwrong                                0x20000264   Data           1  mcard.o(.data)
    led_keyboard                             0x20000280   Data           1  app_ckbproto.o(.data)
    CkbSn                                    0x20000281   Data           1  app_ckbproto.o(.data)
    __stdout                                 0x200002a0   Data           4  stdout.o(.data)
    __microlib_freelist                      0x200002a4   Data           4  mvars.o(.data)
    __microlib_freelist_initialised          0x200002a8   Data           4  mvars.o(.data)
    uartMutex                                0x20007d94   Data          20  usart.o(.bss)
    Ec200sBuffer                             0x20007da8   Data        1024  usart.o(.bss)
    UART0_RxBuff                             0x200081a8   Data        1024  usart.o(.bss)
    UART1_RxBuff                             0x200085a8   Data         128  usart.o(.bss)
    UART3_RxBuff                             0x20008628   Data         128  usart.o(.bss)
    UART4_RxBuff                             0x200086a8   Data         256  usart.o(.bss)
    Uart_Fifo                                0x200087a8   Data          60  usart.o(.bss)
    Ec200_Fifo                               0x200087e4   Data          12  usart.o(.bss)
    audio_buffer1                            0x200088b8   Data        1024  i2s.o(.bss)
    audio_buffer2                            0x20008cb8   Data        1024  i2s.o(.bss)
    AudioInfo                                0x200090b8   Data         168  i2s.o(.bss)
    play_item                                0x20009160   Data          21  i2s.o(.bss)
    Insert_Check_Cnt                         0x20009178   Data          48  relay_control.o(.bss)
    Fuse_Det                                 0x200091a8   Data         144  relay_control.o(.bss)
    SystemOrderInfo                          0x20009238   Data        1644  charge.o(.bss)
    gunChargingFullToExitInfo                0x200098a4   Data         108  charge.o(.bss)
    ChargeInfo                               0x20009910   Data         804  charge.o(.bss)
    Port_charge_status                       0x20009c34   Data          12  charge.o(.bss)
    flash_buf                                0x20009c40   Data        2048  flash.o(.bss)
    All_Data                                 0x2000a440   Data         210  meter.o(.bss)
    Report_Data                              0x2000a512   Data         336  meter.o(.bss)
    Port_Status                              0x2000a662   Data         132  meter.o(.bss)
    Energy_data                              0x2000a6e8   Data          48  meter.o(.bss)
    current_over                             0x2000a718   Data          12  meter.o(.bss)
    voltage_over                             0x2000a724   Data          12  meter.o(.bss)
    SystemInfo                               0x2000a730   Data         649  start.o(.bss)
    apn_info                                 0x2000a9bc   Data          64  bswabstr_ec200s.o(.bss)
    AbstrEc200sInfo                          0x2000a9fc   Data          44  bswabstr_ec200s.o(.bss)
    AbstrEc200sBuffer                        0x2000aa28   Data        1024  bswabstr_ec200s.o(.bss)
    flash_data                               0x2000ae28   Data        1024  bswabstr_ec200s.o(.bss)
    UgradeHeadInfo                           0x2000b228   Data          15  bswabstr_ec200s.o(.bss)
    MqttInfo_t                               0x2000b237   Data        1029  bswabstr_ec200s.o(.bss)
    location                                 0x2000b63c   Data          80  bswabstr_ec200s.o(.bss)
    upgrade_info                             0x2000b68c   Data          12  bswabstr_ec200s.o(.bss)
    BswComSrvTempBuffer                      0x2000b698   Data        1024  bswsrv_ec200s.o(.bss)
    gChgInfo                                 0x2000ba98   Data          33  mcard.o(.bss)
    CkbBuff                                  0x2000baec   Data         256  app_ckbproto.o(.bss)
    __heap_base                              0x2000bbf0   Data           0  startup_gd32f30x_hd.o(HEAP)
    __heap_limit                             0x2000dff0   Data           0  startup_gd32f30x_hd.o(HEAP)
    __initial_sp                             0x2000fff0   Data           0  startup_gd32f30x_hd.o(STACK)



==============================================================================

Memory Map of the image

  Image Entry point : 0x08003131

  Load Region LR_IROM1 (Base: 0x08003000, Size: 0x00010fc8, Max: 0x00080000, ABSOLUTE, COMPRESSED[0x00010df8])

    Execution Region ER_IROM1 (Exec base: 0x08003000, Load base: 0x08003000, Size: 0x00010d18, Max: 0x00080000, ABSOLUTE)

    Exec Addr    Load Addr    Size         Type   Attr      Idx    E Section Name        Object

    0x08003000   0x08003000   0x00000130   Data   RO         1528    RESET               startup_gd32f30x_hd.o
    0x08003130   0x08003130   0x00000000   Code   RO         8356  * .ARM.Collect$$$$00000000  mc_w.l(entry.o)
    0x08003130   0x08003130   0x00000004   Code   RO         8735    .ARM.Collect$$$$00000001  mc_w.l(entry2.o)
    0x08003134   0x08003134   0x00000004   Code   RO         8738    .ARM.Collect$$$$00000004  mc_w.l(entry5.o)
    0x08003138   0x08003138   0x00000000   Code   RO         8740    .ARM.Collect$$$$00000008  mc_w.l(entry7b.o)
    0x08003138   0x08003138   0x00000000   Code   RO         8742    .ARM.Collect$$$$0000000A  mc_w.l(entry8b.o)
    0x08003138   0x08003138   0x00000008   Code   RO         8743    .ARM.Collect$$$$0000000B  mc_w.l(entry9a.o)
    0x08003140   0x08003140   0x00000000   Code   RO         8745    .ARM.Collect$$$$0000000D  mc_w.l(entry10a.o)
    0x08003140   0x08003140   0x00000000   Code   RO         8747    .ARM.Collect$$$$0000000F  mc_w.l(entry11a.o)
    0x08003140   0x08003140   0x00000004   Code   RO         8736    .ARM.Collect$$$$00002712  mc_w.l(entry2.o)
    0x08003144   0x08003144   0x000000be   Code   RO         1407    .emb_text           port.o
    0x08003202   0x08003202   0x00000002   PAD
    0x08003204   0x08003204   0x00000024   Code   RO         1529    .text               startup_gd32f30x_hd.o
    0x08003228   0x08003228   0x0000000c   Code   RO         8359    .text               mc_w.l(tolower.o)
    0x08003234   0x08003234   0x00000040   Code   RO         8367    .text               mc_w.l(memmovea.o)
    0x08003274   0x08003274   0x00000024   Code   RO         8371    .text               mc_w.l(memseta.o)
    0x08003298   0x08003298   0x00000024   Code   RO         8373    .text               mc_w.l(strstr.o)
    0x080032bc   0x080032bc   0x00000018   Code   RO         8375    .text               mc_w.l(strncpy.o)
    0x080032d4   0x080032d4   0x0000000e   Code   RO         8377    .text               mc_w.l(strlen.o)
    0x080032e2   0x080032e2   0x0000001c   Code   RO         8379    .text               mc_w.l(strcmp.o)
    0x080032fe   0x080032fe   0x0000001a   Code   RO         8381    .text               mc_w.l(memcmp.o)
    0x08003318   0x08003318   0x00000012   Code   RO         8383    .text               mc_w.l(strcpy.o)
    0x0800332a   0x0800332a   0x0000001e   Code   RO         8385    .text               mc_w.l(strncmp.o)
    0x08003348   0x08003348   0x00000044   Code   RO         8387    .text               mc_w.l(strtok.o)
    0x0800338c   0x0800338c   0x00000038   Code   RO         8686    .text               mc_w.l(__0sscanf.o)
    0x080033c4   0x080033c4   0x0000014c   Code   RO         8688    .text               mc_w.l(_scanf_int.o)
    0x08003510   0x08003510   0x000000e0   Code   RO         8690    .text               mc_w.l(_scanf_str.o)
    0x080035f0   0x080035f0   0x00000360   Code   RO         8692    .text               mc_w.l(scanf_fp.o)
    0x08003950   0x08003950   0x0000001a   Code   RO         8696    .text               mc_w.l(atoi.o)
    0x0800396a   0x0800396a   0x0000014e   Code   RO         8698    .text               mf_w.l(dadd.o)
    0x08003ab8   0x08003ab8   0x000000e4   Code   RO         8700    .text               mf_w.l(dmul.o)
    0x08003b9c   0x08003b9c   0x000000de   Code   RO         8702    .text               mf_w.l(ddiv.o)
    0x08003c7a   0x08003c7a   0x00000022   Code   RO         8704    .text               mf_w.l(dflti.o)
    0x08003c9c   0x08003c9c   0x0000001a   Code   RO         8706    .text               mf_w.l(dfltui.o)
    0x08003cb6   0x08003cb6   0x0000003e   Code   RO         8708    .text               mf_w.l(dfixi.o)
    0x08003cf4   0x08003cf4   0x00000026   Code   RO         8710    .text               mf_w.l(f2d.o)
    0x08003d1a   0x08003d1a   0x00000002   PAD
    0x08003d1c   0x08003d1c   0x00000030   Code   RO         8712    .text               mf_w.l(cdcmple.o)
    0x08003d4c   0x08003d4c   0x00000030   Code   RO         8714    .text               mf_w.l(cdrcmple.o)
    0x08003d7c   0x08003d7c   0x00000038   Code   RO         8716    .text               mf_w.l(d2f.o)
    0x08003db4   0x08003db4   0x0000002c   Code   RO         8750    .text               mc_w.l(uidiv.o)
    0x08003de0   0x08003de0   0x00000062   Code   RO         8752    .text               mc_w.l(uldiv.o)
    0x08003e42   0x08003e42   0x0000001e   Code   RO         8754    .text               mc_w.l(llshl.o)
    0x08003e60   0x08003e60   0x00000020   Code   RO         8756    .text               mc_w.l(llushr.o)
    0x08003e80   0x08003e80   0x00000024   Code   RO         8758    .text               mc_w.l(llsshr.o)
    0x08003ea4   0x08003ea4   0x0000001c   Code   RO         8769    .text               mc_w.l(_chval.o)
    0x08003ec0   0x08003ec0   0x00000028   Code   RO         8771    .text               mc_w.l(scanf_char.o)
    0x08003ee8   0x08003ee8   0x00000040   Code   RO         8773    .text               mc_w.l(_sgetc.o)
    0x08003f28   0x08003f28   0x0000009c   Code   RO         8775    .text               mc_w.l(strtod.o)
    0x08003fc4   0x08003fc4   0x00000070   Code   RO         8777    .text               mc_w.l(strtol.o)
    0x08004034   0x08004034   0x00000000   Code   RO         8779    .text               mc_w.l(iusefp.o)
    0x08004034   0x08004034   0x0000006e   Code   RO         8780    .text               mf_w.l(fepilogue.o)
    0x080040a2   0x080040a2   0x000000ba   Code   RO         8782    .text               mf_w.l(depilogue.o)
    0x0800415c   0x0800415c   0x00000018   Code   RO         8786    .text               mf_w.l(dfltul.o)
    0x08004174   0x08004174   0x00000030   Code   RO         8788    .text               mf_w.l(dfixul.o)
    0x080041a4   0x080041a4   0x00000024   Code   RO         8790    .text               mc_w.l(init.o)
    0x080041c8   0x080041c8   0x00000008   Code   RO         8794    .text               mc_w.l(ctype_o.o)
    0x080041d0   0x080041d0   0x00000012   Code   RO         8816    .text               mc_w.l(isspace_o.o)
    0x080041e2   0x080041e2   0x00000002   PAD
    0x080041e4   0x080041e4   0x0000032c   Code   RO         8822    .text               mc_w.l(_scanf.o)
    0x08004510   0x08004510   0x0000009e   Code   RO         8824    .text               mc_w.l(_strtoul.o)
    0x080045ae   0x080045ae   0x00000056   Code   RO         8837    .text               mc_w.l(__dczerorl2.o)
    0x08004604   0x08004604   0x00000028   Code   RO         6523    i.Abstr_CheckModeCmd  bswabstr_ec200s.o
    0x0800462c   0x0800462c   0x00000020   Code   RO         6524    i.Abstr_Ec200sCheckATE  bswabstr_ec200s.o
    0x0800464c   0x0800464c   0x00000020   Code   RO         6525    i.Abstr_Ec200sCheckATI  bswabstr_ec200s.o
    0x0800466c   0x0800466c   0x00000020   Code   RO         6526    i.Abstr_Ec200sCheckATV  bswabstr_ec200s.o
    0x0800468c   0x0800468c   0x00000020   Code   RO         6527    i.Abstr_Ec200sCheckCCID  bswabstr_ec200s.o
    0x080046ac   0x080046ac   0x00000020   Code   RO         6528    i.Abstr_Ec200sCheckCGREG  bswabstr_ec200s.o
    0x080046cc   0x080046cc   0x00000020   Code   RO         6529    i.Abstr_Ec200sCheckCOPS  bswabstr_ec200s.o
    0x080046ec   0x080046ec   0x00000020   Code   RO         6530    i.Abstr_Ec200sCheckCPIN  bswabstr_ec200s.o
    0x0800470c   0x0800470c   0x00000020   Code   RO         6531    i.Abstr_Ec200sCheckCSQ  bswabstr_ec200s.o
    0x0800472c   0x0800472c   0x00000020   Code   RO         6532    i.Abstr_Ec200sCheckGsn  bswabstr_ec200s.o
    0x0800474c   0x0800474c   0x00000020   Code   RO         6533    i.Abstr_Ec200sCheckQNWINFO  bswabstr_ec200s.o
    0x0800476c   0x0800476c   0x000001b0   Code   RO         6534    i.Abstr_Ec200sCheckRes  bswabstr_ec200s.o
    0x0800491c   0x0800491c   0x0000010c   Code   RO         6535    i.Abstr_Ec200sCheckResQcell  bswabstr_ec200s.o
    0x08004a28   0x08004a28   0x00000100   Code   RO         6536    i.Abstr_Ec200sCheckReset  bswabstr_ec200s.o
    0x08004b28   0x08004b28   0x00000204   Code   RO         6537    i.Abstr_Ec200sGetHttpData  bswabstr_ec200s.o
    0x08004d2c   0x08004d2c   0x00000114   Code   RO         6538    i.Abstr_Ec200sGetHttpDataSize  bswabstr_ec200s.o
    0x08004e40   0x08004e40   0x000000f4   Code   RO         6539    i.Abstr_Ec200sGetHttpFileSize  bswabstr_ec200s.o
    0x08004f34   0x08004f34   0x00000634   Code   RO         6540    i.Abstr_Ec200sHttpGetFrimware  bswabstr_ec200s.o
    0x08005568   0x08005568   0x000000dc   Code   RO         6541    i.Abstr_Ec200sMqttClose  bswabstr_ec200s.o
    0x08005644   0x08005644   0x000000d8   Code   RO         6542    i.Abstr_Ec200sMqttConnect  bswabstr_ec200s.o
    0x0800571c   0x0800571c   0x000001d8   Code   RO         6543    i.Abstr_Ec200sMqttCreat  bswabstr_ec200s.o
    0x080058f4   0x080058f4   0x000000d0   Code   RO         6544    i.Abstr_Ec200sMqttDisconnect  bswabstr_ec200s.o
    0x080059c4   0x080059c4   0x00000190   Code   RO         6545    i.Abstr_Ec200sMqttInit  bswabstr_ec200s.o
    0x08005b54   0x08005b54   0x00000104   Code   RO         6546    i.Abstr_Ec200sMqttOpen  bswabstr_ec200s.o
    0x08005c58   0x08005c58   0x000000b8   Code   RO         6547    i.Abstr_Ec200sMqttOpenCheck  bswabstr_ec200s.o
    0x08005d10   0x08005d10   0x000001ec   Code   RO         6548    i.Abstr_Ec200sMqttPublish  bswabstr_ec200s.o
    0x08005efc   0x08005efc   0x000000d8   Code   RO         6550    i.Abstr_Ec200sMqttSub  bswabstr_ec200s.o
    0x08005fd4   0x08005fd4   0x00000020   Code   RO         6551    i.Abstr_Ec200sQIACT  bswabstr_ec200s.o
    0x08005ff4   0x08005ff4   0x00000020   Code   RO         6552    i.Abstr_Ec200sQICSGP  bswabstr_ec200s.o
    0x08006014   0x08006014   0x00000020   Code   RO         6553    i.Abstr_Ec200sQIDEACT  bswabstr_ec200s.o
    0x08006034   0x08006034   0x00000020   Code   RO         6554    i.Abstr_Ec200sQMTCFGDataformat  bswabstr_ec200s.o
    0x08006054   0x08006054   0x00000020   Code   RO         6555    i.Abstr_Ec200sQMTCFGVersion  bswabstr_ec200s.o
    0x08006074   0x08006074   0x00000020   Code   RO         6556    i.Abstr_Ec200sQMTCFGViewmode  bswabstr_ec200s.o
    0x08006094   0x08006094   0x00000020   Code   RO         6557    i.Abstr_Ec200sQMTRecvmode  bswabstr_ec200s.o
    0x080060b4   0x080060b4   0x0000008c   Code   RO         6558    i.Abstr_Ec200sQcell  bswabstr_ec200s.o
    0x08006140   0x08006140   0x0000003c   Code   RO         6559    i.Abstr_Ec200sQcellSendCmd  bswabstr_ec200s.o
    0x0800617c   0x0800617c   0x000001a0   Code   RO         6560    i.Abstr_Ec200sReconnect  bswabstr_ec200s.o
    0x0800631c   0x0800631c   0x00000050   Code   RO         6561    i.Abstr_Ec200sSendCmd  bswabstr_ec200s.o
    0x0800636c   0x0800636c   0x00000036   Code   RO         6562    i.Abstr_Ec200sSendData  bswabstr_ec200s.o
    0x080063a2   0x080063a2   0x0000004a   Code   RO         6563    i.Abstr_Ec200sSendRepeatCmd  bswabstr_ec200s.o
    0x080063ec   0x080063ec   0x00000024   Code   RO         6564    i.Abstr_Ec200sSetHttpDownStatus  bswabstr_ec200s.o
    0x08006410   0x08006410   0x00000050   Code   RO         6565    i.Abstr_Ec200sSocketStatusCheck  bswabstr_ec200s.o
    0x08006460   0x08006460   0x00000054   Code   RO         6566    i.Abstr_Ec200sTask  bswabstr_ec200s.o
    0x080064b4   0x080064b4   0x00000048   Code   RO         6567    i.Abstr_Ec200s_GetState  bswabstr_ec200s.o
    0x080064fc   0x080064fc   0x00000020   Code   RO         6568    i.Abstr_Ec200s_SendNotify  bswabstr_ec200s.o
    0x0800651c   0x0800651c   0x000000d4   Code   RO         6044    i.App_Audio_Data_Init  i2s.o
    0x080065f0   0x080065f0   0x00000044   Code   RO         6187    i.App_BackgroundOpenProc  charge.o
    0x08006634   0x08006634   0x00000188   Code   RO         6330    i.App_Bl0939_Clear  meter.o
    0x080067bc   0x080067bc   0x00000124   Code   RO         6331    i.App_Bl0939_Init   meter.o
    0x080068e0   0x080068e0   0x00000294   Code   RO         6189    i.App_ChagreControl  charge.o
    0x08006b74   0x08006b74   0x00000024   Code   RO         6190    i.App_ChargeInit    charge.o
    0x08006b98   0x08006b98   0x00000002   Code   RO         6989    i.App_ChargeStartNotify  netmessage.o
    0x08006b9a   0x08006b9a   0x00000002   PAD
    0x08006b9c   0x08006b9c   0x000002d0   Code   RO         6990    i.App_ChargeStopNotify  netmessage.o
    0x08006e6c   0x08006e6c   0x000000e4   Code   RO         6191    i.App_ChargeTask    charge.o
    0x08006f50   0x08006f50   0x00000210   Code   RO         6192    i.App_ChgCtrlMoneyCount  charge.o
    0x08007160   0x08007160   0x000000a4   Code   RO         7390    i.App_ChgCtrlProcFuseStatus  device_check.o
    0x08007204   0x08007204   0x00000078   Code   RO         7586    i.App_CkbConnectStatuProc  app_ckbproto.o
    0x0800727c   0x0800727c   0x00000038   Code   RO         7587    i.App_CkbProtoCardCtrol  app_ckbproto.o
    0x080072b4   0x080072b4   0x0000001a   Code   RO         7588    i.App_CkbProtoGetPktSum  app_ckbproto.o
    0x080072ce   0x080072ce   0x00000002   PAD
    0x080072d0   0x080072d0   0x00000054   Code   RO         7589    i.App_CkbProtoHandleData  app_ckbproto.o
    0x08007324   0x08007324   0x00000060   Code   RO         7590    i.App_CkbProtoHandle_CardProc  app_ckbproto.o
    0x08007384   0x08007384   0x0000005c   Code   RO         7591    i.App_CkbProtoHandle_HeartBeat  app_ckbproto.o
    0x080073e0   0x080073e0   0x0000003c   Code   RO         7592    i.App_CkbProtoHeartBeatAck  app_ckbproto.o
    0x0800741c   0x0800741c   0x00000058   Code   RO         7593    i.App_CkbProtoLedCtrol  app_ckbproto.o
    0x08007474   0x08007474   0x00000046   Code   RO         7594    i.App_CkbProtoSendPkt  app_ckbproto.o
    0x080074ba   0x080074ba   0x00000002   PAD
    0x080074bc   0x080074bc   0x000001dc   Code   RO         7595    i.App_CkbProtoTask  app_ckbproto.o
    0x08007698   0x08007698   0x00000af8   Code   RO         6332    i.App_Deal_Bl0939_Data  meter.o
    0x08008190   0x08008190   0x0000002c   Code   RO         6333    i.App_Energy_Load   meter.o
    0x080081bc   0x080081bc   0x0000009c   Code   RO         6274    i.App_Flash_Erase   flash.o
    0x08008258   0x08008258   0x0000012c   Code   RO         7391    i.App_Fuse_Check    device_check.o
    0x08008384   0x08008384   0x000000d0   Code   RO         6446    i.App_GenerateOrderInfo  order.o
    0x08008454   0x08008454   0x00000004   Code   RO         6194    i.App_GetChargeTime  charge.o
    0x08008458   0x08008458   0x00000044   Code   RO         6447    i.App_GetOrderCnt   order.o
    0x0800849c   0x0800849c   0x0000000c   Code   RO         5545    i.App_GetRtcCount   rtc.o
    0x080084a8   0x080084a8   0x00000038   Code   RO         6991    i.App_HeartBeatHandler  netmessage.o
    0x080084e0   0x080084e0   0x0000049c   Code   RO         6992    i.App_HeartBeatSendMessage  netmessage.o
    0x0800897c   0x0800897c   0x00000040   Code   RO         6045    i.App_I2S_SendData  i2s.o
    0x080089bc   0x080089bc   0x00000002   Code   RO         6092    i.App_Led_Ctrl      led.o
    0x080089be   0x080089be   0x00000002   Code   RO         6093    i.App_Ledturnoff    led.o
    0x080089c0   0x080089c0   0x00000220   Code   RO         6993    i.App_LocationMessage  netmessage.o
    0x08008be0   0x08008be0   0x0000004c   Code   RO         6994    i.App_LocationMessageHandler  netmessage.o
    0x08008c2c   0x08008c2c   0x0000020c   Code   RO          210    i.App_Main_Task     main.o
    0x08008e38   0x08008e38   0x00000114   Code   RO         6995    i.App_McardMessageHandler  netmessage.o
    0x08008f4c   0x08008f4c   0x00000080   Code   RO         7261    i.App_McardProcess  mcard.o
    0x08008fcc   0x08008fcc   0x00000078   Code   RO         6996    i.App_NetMessagePro  netmessage.o
    0x08009044   0x08009044   0x0000002c   Code   RO         6448    i.App_OrderInit     order.o
    0x08009070   0x08009070   0x00000020   Code   RO         6449    i.App_Order_Clear   order.o
    0x08009090   0x08009090   0x00000198   Code   RO         6195    i.App_PowerControl  charge.o
    0x08009228   0x08009228   0x00000054   Code   RO         6094    i.App_Qrledtoggle   led.o
    0x0800927c   0x0800927c   0x00000054   Code   RO         6450    i.App_ReadFirstOrder  order.o
    0x080092d0   0x080092d0   0x00000018   Code   RO         6275    i.App_Read_Flash    flash.o
    0x080092e8   0x080092e8   0x00000090   Code   RO         6130    i.App_Relay_Control  relay_control.o
    0x08009378   0x08009378   0x0000000e   Code   RO         6131    i.App_Relay_Control_All  relay_control.o
    0x08009386   0x08009386   0x00000002   PAD
    0x08009388   0x08009388   0x0000001c   Code   RO         6132    i.App_Relay_Delay_Start  relay_control.o
    0x080093a4   0x080093a4   0x00000048   Code   RO         6133    i.App_Relay_OFF     relay_control.o
    0x080093ec   0x080093ec   0x00000048   Code   RO         6134    i.App_Relay_ON      relay_control.o
    0x08009434   0x08009434   0x00000170   Code   RO         6997    i.App_RemoteControlAck  netmessage.o
    0x080095a4   0x080095a4   0x00000074   Code   RO         6998    i.App_RemoteControlHandler  netmessage.o
    0x08009618   0x08009618   0x000001a0   Code   RO         6999    i.App_RemoteStartChargingAck  netmessage.o
    0x080097b8   0x080097b8   0x000002b8   Code   RO         7000    i.App_RemoteStartChargingHandler  netmessage.o
    0x08009a70   0x08009a70   0x0000016c   Code   RO         7001    i.App_RemoteStopChargingAck  netmessage.o
    0x08009bdc   0x08009bdc   0x000000c4   Code   RO         7002    i.App_RemoteStopChargingHandler  netmessage.o
    0x08009ca0   0x08009ca0   0x00000088   Code   RO         7003    i.App_RemoteUpgradeHandler  netmessage.o
    0x08009d28   0x08009d28   0x00000054   Code   RO         6451    i.App_RemoveFirstOrder  order.o
    0x08009d7c   0x08009d7c   0x00000098   Code   RO         6196    i.App_Restore_Charge_State  charge.o
    0x08009e14   0x08009e14   0x00000198   Code   RO         7004    i.App_SendCardAuthReq  netmessage.o
    0x08009fac   0x08009fac   0x00000060   Code   RO         7005    i.App_SendChargeStartNotify  netmessage.o
    0x0800a00c   0x0800a00c   0x0000009c   Code   RO         6452    i.App_SendOrderToBackstage  order.o
    0x0800a0a8   0x0800a0a8   0x0000000c   Code   RO         5547    i.App_Set_Rtc_Time  rtc.o
    0x0800a0b4   0x0800a0b4   0x000001d8   Code   RO         7008    i.App_StartUpMessage  netmessage.o
    0x0800a28c   0x0800a28c   0x00000068   Code   RO         7009    i.App_StartUpMessageHandler  netmessage.o
    0x0800a2f4   0x0800a2f4   0x000000a4   Code   RO         7010    i.App_StopChargingNotifyHandler  netmessage.o
    0x0800a398   0x0800a398   0x0000004c   Code   RO         6197    i.App_StopChargingPro  charge.o
    0x0800a3e4   0x0800a3e4   0x00000108   Code   RO         6405    i.App_System_Order_Load  start.o
    0x0800a4ec   0x0800a4ec   0x00000074   Code   RO         6406    i.App_System_Order_Save  start.o
    0x0800a560   0x0800a560   0x00000018   Code   RO         5759    i.App_UartFlushFifo  usart.o
    0x0800a578   0x0800a578   0x00000020   Code   RO         5760    i.App_UartGetOneData  usart.o
    0x0800a598   0x0800a598   0x00000150   Code   RO         7011    i.App_UpgradeAckHandler  netmessage.o
    0x0800a6e8   0x0800a6e8   0x00000026   Code   RO         6570    i.App_UpgradeTask   bswabstr_ec200s.o
    0x0800a70e   0x0800a70e   0x00000002   PAD
    0x0800a710   0x0800a710   0x000000a8   Code   RO         6453    i.App_WriteOrder    order.o
    0x0800a7b8   0x0800a7b8   0x0000013c   Code   RO         6276    i.App_Write_Flash   flash.o
    0x0800a8f4   0x0800a8f4   0x00000188   Code   RO         6046    i.App_audio_task    i2s.o
    0x0800aa7c   0x0800aa7c   0x0000001c   Code   RO         5881    i.Bsp_AccCheckSum   sys.o
    0x0800aa98   0x0800aa98   0x00000090   Code   RO         6334    i.Bsp_Bl0939_Read   meter.o
    0x0800ab28   0x0800ab28   0x0000011c   Code   RO         6335    i.Bsp_Bl0939_Write  meter.o
    0x0800ac44   0x0800ac44   0x0000001c   Code   RO         6454    i.Bsp_Checkbuff     order.o
    0x0800ac60   0x0800ac60   0x00000070   Code   RO         5761    i.Bsp_DebugSend     usart.o
    0x0800acd0   0x0800acd0   0x00000024   Code   RO         6336    i.Bsp_GetPortStatus  meter.o
    0x0800acf4   0x0800acf4   0x000000a0   Code   RO         6337    i.Bsp_Read_Data     meter.o
    0x0800ad94   0x0800ad94   0x00000024   Code   RO         6338    i.Bsp_SetPortStatus  meter.o
    0x0800adb8   0x0800adb8   0x00000080   Code   RO         5762    i.Bsp_UartSendData  usart.o
    0x0800ae38   0x0800ae38   0x00000084   Code   RO         6277    i.Bsp_WriteWord     flash.o
    0x0800aebc   0x0800aebc   0x0000001c   Code   RO         6898    i.BswDrv_Ec200sPowerOff  bswdrv_ec200s.o
    0x0800aed8   0x0800aed8   0x0000001c   Code   RO         6899    i.BswDrv_Ec200sPowerOn  bswdrv_ec200s.o
    0x0800aef4   0x0800aef4   0x00000012   Code   RO         6900    i.BswDrv_Ec200sUartSend  bswdrv_ec200s.o
    0x0800af06   0x0800af06   0x0000000a   Code   RO         6901    i.BswDrv_Ec200s_FifoFlush  bswdrv_ec200s.o
    0x0800af10   0x0800af10   0x0000000e   Code   RO         6902    i.BswDrv_Ec200s_GetCharFromFifo  bswdrv_ec200s.o
    0x0800af1e   0x0800af1e   0x00000002   PAD
    0x0800af20   0x0800af20   0x00000234   Code   RO         6951    i.BswSrv_Ec200sAnalyseGprsData  bswsrv_ec200s.o
    0x0800b154   0x0800b154   0x00000144   Code   RO         6952    i.BswSrv_Ec200sUrcHandle  bswsrv_ec200s.o
    0x0800b298   0x0800b298   0x00000084   Code   RO         7476    i.BswSrv_GD25xx_BufferRead  app_gd25xx.o
    0x0800b31c   0x0800b31c   0x00000154   Code   RO         7262    i.BswSrv_McardCheck  mcard.o
    0x0800b470   0x0800b470   0x00000050   Code   RO         7263    i.BswSrv_McardTask  mcard.o
    0x0800b4c0   0x0800b4c0   0x00000010   Code   RO         7540    i.BswSrv_TtsPlayStartChgTip  app_voice.o
    0x0800b4d0   0x0800b4d0   0x00000010   Code   RO         7541    i.BswSrv_TtsPlayStopChgTip  app_voice.o
    0x0800b4e0   0x0800b4e0   0x00000100   Code   RO         7542    i.BswSrv_TtsPlayUserMoney  app_voice.o
    0x0800b5e0   0x0800b5e0   0x00000040   Code   RO         5892    i.BswSrv_hexStrToChar  sys.o
    0x0800b620   0x0800b620   0x00000004   Code   RO            3    i.BusFault_Handler  gd32f30x_it.o
    0x0800b624   0x0800b624   0x00000030   Code   RO         5893    i.CRC16             sys.o
    0x0800b654   0x0800b654   0x00000054   Code   RO         6572    i.CRC_16            bswabstr_ec200s.o
    0x0800b6a8   0x0800b6a8   0x00000022   Code   RO         7154    i.Clear_BitMask     fm175xx.o
    0x0800b6ca   0x0800b6ca   0x0000001a   Code   RO         7155    i.Clear_FIFO        fm175xx.o
    0x0800b6e4   0x0800b6e4   0x00000030   Code   RO            4    i.DMA0_Channel4_IRQHandler  gd32f30x_it.o
    0x0800b714   0x0800b714   0x00000002   Code   RO            5    i.DebugMon_Handler  gd32f30x_it.o
    0x0800b716   0x0800b716   0x0000001a   Code   RO         5704    i.Delay_ms          timer.o
    0x0800b730   0x0800b730   0x00000032   Code   RO         5705    i.Delay_us          timer.o
    0x0800b762   0x0800b762   0x00000002   PAD
    0x0800b764   0x0800b764   0x0000003c   Code   RO         7394    i.EXTI0_IRQHandler  device_check.o
    0x0800b7a0   0x0800b7a0   0x000000ac   Code   RO         7395    i.EXTI10_15_IRQHandler  device_check.o
    0x0800b84c   0x0800b84c   0x0000003c   Code   RO         7396    i.EXTI1_IRQHandler  device_check.o
    0x0800b888   0x0800b888   0x0000003c   Code   RO         7397    i.EXTI2_IRQHandler  device_check.o
    0x0800b8c4   0x0800b8c4   0x0000003c   Code   RO         7398    i.EXTI3_IRQHandler  device_check.o
    0x0800b900   0x0800b900   0x0000003c   Code   RO         7399    i.EXTI4_IRQHandler  device_check.o
    0x0800b93c   0x0800b93c   0x00000124   Code   RO         7400    i.EXTI5_9_IRQHandler  device_check.o
    0x0800ba60   0x0800ba60   0x00000010   Code   RO         5979    i.FIFO_S_CountUsed  fifo.o
    0x0800ba70   0x0800ba70   0x00000016   Code   RO         5980    i.FIFO_S_Flush      fifo.o
    0x0800ba86   0x0800ba86   0x00000034   Code   RO         5981    i.FIFO_S_Get        fifo.o
    0x0800baba   0x0800baba   0x00000014   Code   RO         5983    i.FIFO_S_Init       fifo.o
    0x0800bace   0x0800bace   0x0000004e   Code   RO         5985    i.FIFO_S_Put        fifo.o
    0x0800bb1c   0x0800bb1c   0x00000040   Code   RO         7156    i.FM175XX_HardReset  fm175xx.o
    0x0800bb5c   0x0800bb5c   0x00000070   Code   RO         7157    i.FM175XX_Init      fm175xx.o
    0x0800bbcc   0x0800bbcc   0x00000008   Code   RO         5852    i.Feed_Watchdog     watchdog.o
    0x0800bbd4   0x0800bbd4   0x00000088   Code   RO         6573    i.GetCREG           bswabstr_ec200s.o
    0x0800bc5c   0x0800bc5c   0x000000f0   Code   RO         6574    i.GetCcidSn         bswabstr_ec200s.o
    0x0800bd4c   0x0800bd4c   0x000002e4   Code   RO         6575    i.GetCell           bswabstr_ec200s.o
    0x0800c030   0x0800c030   0x00000064   Code   RO         6577    i.GetCsq            bswabstr_ec200s.o
    0x0800c094   0x0800c094   0x00000068   Code   RO         6578    i.GetEdition        bswabstr_ec200s.o
    0x0800c0fc   0x0800c0fc   0x000000a4   Code   RO         6579    i.GetModuleImei     bswabstr_ec200s.o
    0x0800c1a0   0x0800c1a0   0x000000fc   Code   RO         6580    i.GetSocketState    bswabstr_ec200s.o
    0x0800c29c   0x0800c29c   0x00000030   Code   RO         6581    i.GetTtsResult      bswabstr_ec200s.o
    0x0800c2cc   0x0800c2cc   0x00000004   Code   RO            6    i.HardFault_Handler  gd32f30x_it.o
    0x0800c2d0   0x0800c2d0   0x00000004   Code   RO            7    i.MemManage_Handler  gd32f30x_it.o
    0x0800c2d4   0x0800c2d4   0x00000002   Code   RO            8    i.NMI_Handler       gd32f30x_it.o
    0x0800c2d6   0x0800c2d6   0x000001c2   Code   RO         7158    i.Pcd_Comm          fm175xx.o
    0x0800c498   0x0800c498   0x0000010c   Code   RO         7159    i.Pcd_ConfigISOType  fm175xx.o
    0x0800c5a4   0x0800c5a4   0x0000005c   Code   RO         7160    i.Pcd_SetTimer      fm175xx.o
    0x0800c600   0x0800c600   0x00000034   Code   RO         5462    i.RCU_Init          gpio.o
    0x0800c634   0x0800c634   0x0000001c   Code   RO         7161    i.Read_FIFO         fm175xx.o
    0x0800c650   0x0800c650   0x00000012   Code   RO         7162    i.Read_Reg          fm175xx.o
    0x0800c662   0x0800c662   0x00000002   PAD
    0x0800c664   0x0800c664   0x00000068   Code   RO         5549    i.Rtc_TimerInit     rtc.o
    0x0800c6cc   0x0800c6cc   0x00000038   Code   RO         7163    i.SPIRead           fm175xx.o
    0x0800c704   0x0800c704   0x00000038   Code   RO         7164    i.SPIWrite          fm175xx.o
    0x0800c73c   0x0800c73c   0x0000001c   Code   RO         7165    i.Set_BitMask       fm175xx.o
    0x0800c758   0x0800c758   0x0000005a   Code   RO         7166    i.Set_Rf            fm175xx.o
    0x0800c7b2   0x0800c7b2   0x00000050   Code   RO         5624    i.SpiReadWrite      spi.o
    0x0800c802   0x0800c802   0x00000002   PAD
    0x0800c804   0x0800c804   0x00000108   Code   RO         6953    i.Srv_Ec200s_Task   bswsrv_ec200s.o
    0x0800c90c   0x0800c90c   0x00000020   Code   RO            9    i.SysTick_Handler   gd32f30x_it.o
    0x0800c92c   0x0800c92c   0x00000050   Code   RO         1487    i.SystemInit        system_gd32f30x.o
    0x0800c97c   0x0800c97c   0x000000fc   Code   RO         6407    i.System_Start_Config  start.o
    0x0800ca78   0x0800ca78   0x000000a4   Code   RO         5706    i.TIMER1_IRQHandler  timer.o
    0x0800cb1c   0x0800cb1c   0x0000002c   Code   RO         5551    i.TIMER2_IRQHandler  rtc.o
    0x0800cb48   0x0800cb48   0x00000060   Code   RO         6135    i.TIMER7_UP_IRQHandler  relay_control.o
    0x0800cba8   0x0800cba8   0x000001a0   Code   RO         7272    i.TypeA_Anticollision  mcard.o
    0x0800cd48   0x0800cd48   0x00000050   Code   RO         7273    i.TypeA_CardActivate  mcard.o
    0x0800cd98   0x0800cd98   0x0000004c   Code   RO         7274    i.TypeA_Halt        mcard.o
    0x0800cde4   0x0800cde4   0x00000062   Code   RO         7275    i.TypeA_Request     mcard.o
    0x0800ce46   0x0800ce46   0x0000006c   Code   RO         7276    i.TypeA_Select      mcard.o
    0x0800ceb2   0x0800ceb2   0x00000058   Code   RO         7277    i.TypeA_Set_Bit_Framing  mcard.o
    0x0800cf0a   0x0800cf0a   0x000000a0   Code   RO         7278    i.TypeA_Set_NVB     mcard.o
    0x0800cfaa   0x0800cfaa   0x00000002   PAD
    0x0800cfac   0x0800cfac   0x00000034   Code   RO         5764    i.UART3_IRQHandler  usart.o
    0x0800cfe0   0x0800cfe0   0x00000034   Code   RO         5765    i.UART4_IRQHandler  usart.o
    0x0800d014   0x0800d014   0x00000040   Code   RO         5766    i.USART0_IRQHandler  usart.o
    0x0800d054   0x0800d054   0x00000034   Code   RO         5767    i.USART1_IRQHandler  usart.o
    0x0800d088   0x0800d088   0x00000004   Code   RO           10    i.UsageFault_Handler  gd32f30x_it.o
    0x0800d08c   0x0800d08c   0x0000001c   Code   RO         7167    i.Write_FIFO        fm175xx.o
    0x0800d0a8   0x0800d0a8   0x00000012   Code   RO         7168    i.Write_Reg         fm175xx.o
    0x0800d0ba   0x0800d0ba   0x00000002   PAD
    0x0800d0bc   0x0800d0bc   0x00000020   Code   RO         5463    i.YA_4G_Pwr_Init    gpio.o
    0x0800d0dc   0x0800d0dc   0x000000a0   Code   RO         5392    i.YA_Adc_Init       adc.o
    0x0800d17c   0x0800d17c   0x00000024   Code   RO         5464    i.YA_BUZE_Init      gpio.o
    0x0800d1a0   0x0800d1a0   0x000002ac   Code   RO         5768    i.YA_ComInit        usart.o
    0x0800d44c   0x0800d44c   0x0000001c   Code   RO         5466    i.YA_Disboard_Init  gpio.o
    0x0800d468   0x0800d468   0x0000002c   Code   RO         5467    i.YA_Fuse_Init      gpio.o
    0x0800d494   0x0800d494   0x00000024   Code   RO         5468    i.YA_GpioInit       gpio.o
    0x0800d4b8   0x0800d4b8   0x0000001c   Code   RO         5469    i.YA_Insert_Det_Init  gpio.o
    0x0800d4d4   0x0800d4d4   0x00000130   Code   RO         5471    i.YA_Relay_Init     gpio.o
    0x0800d604   0x0800d604   0x00000124   Code   RO         5625    i.YA_SpiInit        spi.o
    0x0800d728   0x0800d728   0x00000024   Code   RO         5626    i.YA_SpiReadData    spi.o
    0x0800d74c   0x0800d74c   0x0000006a   Code   RO         5707    i.YA_TimerInit      timer.o
    0x0800d7b6   0x0800d7b6   0x00000034   Code   RO         5853    i.YA_Watchdog_Init  watchdog.o
    0x0800d7ea   0x0800d7ea   0x00000002   PAD
    0x0800d7ec   0x0800d7ec   0x0000003c   Code   RO         5472    i.YA_Zero_Det_Init  gpio.o
    0x0800d828   0x0800d828   0x00000022   Code   RO         5769    i.YA_uart_init      usart.o
    0x0800d84a   0x0800d84a   0x00000050   Code   RO         6582    i._Abstr_Ec200sQcellSendCmd  bswabstr_ec200s.o
    0x0800d89a   0x0800d89a   0x00000050   Code   RO         6583    i._Abstr_Ec200sSendCmd  bswabstr_ec200s.o
    0x0800d8ea   0x0800d8ea   0x00000002   PAD
    0x0800d8ec   0x0800d8ec   0x00000020   Code   RO         8630    i.__0printf         mc_w.l(printfa.o)
    0x0800d90c   0x0800d90c   0x00000028   Code   RO         8632    i.__0sprintf        mc_w.l(printfa.o)
    0x0800d934   0x0800d934   0x00000008   Code   RO         8762    i.__aeabi_errno_addr  mc_w.l(errno.o)
    0x0800d93c   0x0800d93c   0x0000005c   Code   RO         8662    i.__free$realloc    mc_w.l(mallocr.o)
    0x0800d998   0x0800d998   0x00000014   Code   RO         8330    i.__hardfp_fabs     m_wm.l(fabs.o)
    0x0800d9ac   0x0800d9ac   0x00000004   PAD
    0x0800d9b0   0x0800d9b0   0x00000028   Code   RO         8350    i.__hardfp_strtod   m_wm.l(strtod.o)
    0x0800d9d8   0x0800d9d8   0x00000050   Code   RO         8663    i.__malloc$realloc  mc_w.l(mallocr.o)
    0x0800da28   0x0800da28   0x0000000e   Code   RO         8831    i.__scatterload_copy  mc_w.l(handlers.o)
    0x0800da36   0x0800da36   0x00000002   Code   RO         8832    i.__scatterload_null  mc_w.l(handlers.o)
    0x0800da38   0x0800da38   0x0000000e   Code   RO         8833    i.__scatterload_zeroinit  mc_w.l(handlers.o)
    0x0800da46   0x0800da46   0x00000002   PAD
    0x0800da48   0x0800da48   0x00000184   Code   RO         8637    i._fp_digits        mc_w.l(printfa.o)
    0x0800dbcc   0x0800dbcc   0x0000000e   Code   RO         8694    i._is_digit         mc_w.l(scanf_fp.o)
    0x0800dbda   0x0800dbda   0x00000002   PAD
    0x0800dbdc   0x0800dbdc   0x000006dc   Code   RO         8638    i._printf_core      mc_w.l(printfa.o)
    0x0800e2b8   0x0800e2b8   0x00000024   Code   RO         8639    i._printf_post_padding  mc_w.l(printfa.o)
    0x0800e2dc   0x0800e2dc   0x0000002e   Code   RO         8640    i._printf_pre_padding  mc_w.l(printfa.o)
    0x0800e30a   0x0800e30a   0x0000000a   Code   RO         8642    i._sputc            mc_w.l(printfa.o)
    0x0800e314   0x0800e314   0x0000002a   Code   RO         1535    i.adc_calibration_enable  gd32f30x_adc.o
    0x0800e33e   0x0800e33e   0x00000046   Code   RO         1536    i.adc_channel_length_config  gd32f30x_adc.o
    0x0800e384   0x0800e384   0x00000016   Code   RO         1537    i.adc_data_alignment_config  gd32f30x_adc.o
    0x0800e39a   0x0800e39a   0x00000012   Code   RO         1543    i.adc_enable        gd32f30x_adc.o
    0x0800e3ac   0x0800e3ac   0x0000003e   Code   RO         1544    i.adc_external_trigger_config  gd32f30x_adc.o
    0x0800e3ea   0x0800e3ea   0x00000030   Code   RO         1545    i.adc_external_trigger_source_config  gd32f30x_adc.o
    0x0800e41a   0x0800e41a   0x00000008   Code   RO         1546    i.adc_flag_clear    gd32f30x_adc.o
    0x0800e422   0x0800e422   0x00000078   Code   RO         1548    i.adc_inserted_channel_config  gd32f30x_adc.o
    0x0800e49a   0x0800e49a   0x00000002   PAD
    0x0800e49c   0x0800e49c   0x0000001c   Code   RO         1555    i.adc_mode_config   gd32f30x_adc.o
    0x0800e4b8   0x0800e4b8   0x0000005a   Code   RO         1563    i.adc_special_function_config  gd32f30x_adc.o
    0x0800e512   0x0800e512   0x00000036   Code   RO         7661    i.add_item_to_array  cjson.o
    0x0800e548   0x0800e548   0x0000007a   Code   RO         7662    i.add_item_to_object  cjson.o
    0x0800e5c2   0x0800e5c2   0x00000048   Code   RO         7663    i.buffer_skip_whitespace  cjson.o
    0x0800e60a   0x0800e60a   0x00000010   Code   RO         7669    i.cJSON_AddItemToArray  cjson.o
    0x0800e61a   0x0800e61a   0x00000002   PAD
    0x0800e61c   0x0800e61c   0x00000020   Code   RO         7670    i.cJSON_AddItemToObject  cjson.o
    0x0800e63c   0x0800e63c   0x0000004c   Code   RO         7673    i.cJSON_AddNumberToObject  cjson.o
    0x0800e688   0x0800e688   0x00000018   Code   RO         7679    i.cJSON_CreateArray  cjson.o
    0x0800e6a0   0x0800e6a0   0x0000007c   Code   RO         7685    i.cJSON_CreateIntArray  cjson.o
    0x0800e71c   0x0800e71c   0x0000007c   Code   RO         7687    i.cJSON_CreateNumber  cjson.o
    0x0800e798   0x0800e798   0x00000018   Code   RO         7688    i.cJSON_CreateObject  cjson.o
    0x0800e7b0   0x0800e7b0   0x00000034   Code   RO         7691    i.cJSON_CreateString  cjson.o
    0x0800e7e4   0x0800e7e4   0x00000060   Code   RO         7695    i.cJSON_Delete      cjson.o
    0x0800e844   0x0800e844   0x00000018   Code   RO         7705    i.cJSON_GetArrayItem  cjson.o
    0x0800e85c   0x0800e85c   0x0000001c   Code   RO         7706    i.cJSON_GetArraySize  cjson.o
    0x0800e878   0x0800e878   0x00000012   Code   RO         7709    i.cJSON_GetObjectItem  cjson.o
    0x0800e88a   0x0800e88a   0x00000016   Code   RO         7720    i.cJSON_IsNumber    cjson.o
    0x0800e8a0   0x0800e8a0   0x00000016   Code   RO         7723    i.cJSON_IsString    cjson.o
    0x0800e8b6   0x0800e8b6   0x0000001a   Code   RO         7726    i.cJSON_New_Item    cjson.o
    0x0800e8d0   0x0800e8d0   0x00000010   Code   RO         7727    i.cJSON_Parse       cjson.o
    0x0800e8e0   0x0800e8e0   0x000000d4   Code   RO         7729    i.cJSON_ParseWithLengthOpts  cjson.o
    0x0800e9b4   0x0800e9b4   0x00000028   Code   RO         7730    i.cJSON_ParseWithOpts  cjson.o
    0x0800e9dc   0x0800e9dc   0x00000014   Code   RO         7734    i.cJSON_PrintUnformatted  cjson.o
    0x0800e9f0   0x0800e9f0   0x00000038   Code   RO         7744    i.cJSON_strdup      cjson.o
    0x0800ea28   0x0800ea28   0x00000048   Code   RO         7745    i.case_insensitive_strcmp  cjson.o
    0x0800ea70   0x0800ea70   0x00000002   Code   RO         7746    i.cast_away_const   cjson.o
    0x0800ea72   0x0800ea72   0x00000002   PAD
    0x0800ea74   0x0800ea74   0x000000c8   Code   RO         7747    i.compare_double    cjson.o
    0x0800eb3c   0x0800eb3c   0x00000010   Code   RO         2427    i.dbg_periph_enable  gd32f30x_dbg.o
    0x0800eb4c   0x0800eb4c   0x00000032   Code   RO         2485    i.dma_channel_disable  gd32f30x_dma.o
    0x0800eb7e   0x0800eb7e   0x00000032   Code   RO         2486    i.dma_channel_enable  gd32f30x_dma.o
    0x0800ebb0   0x0800ebb0   0x00000032   Code   RO         2487    i.dma_circulation_disable  gd32f30x_dma.o
    0x0800ebe2   0x0800ebe2   0x00000070   Code   RO         2489    i.dma_deinit        gd32f30x_dma.o
    0x0800ec52   0x0800ec52   0x00000134   Code   RO         2492    i.dma_init          gd32f30x_dma.o
    0x0800ed86   0x0800ed86   0x00000032   Code   RO         2494    i.dma_interrupt_enable  gd32f30x_dma.o
    0x0800edb8   0x0800edb8   0x00000010   Code   RO         2495    i.dma_interrupt_flag_clear  gd32f30x_dma.o
    0x0800edc8   0x0800edc8   0x00000082   Code   RO         2496    i.dma_interrupt_flag_get  gd32f30x_dma.o
    0x0800ee4a   0x0800ee4a   0x00000024   Code   RO         2497    i.dma_memory_address_config  gd32f30x_dma.o
    0x0800ee6e   0x0800ee6e   0x00000032   Code   RO         2500    i.dma_memory_to_memory_disable  gd32f30x_dma.o
    0x0800eea0   0x0800eea0   0x00000018   Code   RO         2504    i.dma_periph_and_channel_check  gd32f30x_dma.o
    0x0800eeb8   0x0800eeb8   0x00000026   Code   RO         2510    i.dma_transfer_number_config  gd32f30x_dma.o
    0x0800eede   0x0800eede   0x000000b8   Code   RO         7749    i.ensure            cjson.o
    0x0800ef96   0x0800ef96   0x00000002   PAD
    0x0800ef98   0x0800ef98   0x000000b8   Code   RO         2840    i.exti_init         gd32f30x_exti.o
    0x0800f050   0x0800f050   0x00000010   Code   RO         2842    i.exti_interrupt_enable  gd32f30x_exti.o
    0x0800f060   0x0800f060   0x0000000c   Code   RO         2843    i.exti_interrupt_flag_clear  gd32f30x_exti.o
    0x0800f06c   0x0800f06c   0x00000024   Code   RO         2844    i.exti_interrupt_flag_get  gd32f30x_exti.o
    0x0800f090   0x0800f090   0x00000022   Code   RO         2924    i.fmc_bank0_ready_wait  gd32f30x_fmc.o
    0x0800f0b2   0x0800f0b2   0x00000002   PAD
    0x0800f0b4   0x0800f0b4   0x00000030   Code   RO         2925    i.fmc_bank0_state_get  gd32f30x_fmc.o
    0x0800f0e4   0x0800f0e4   0x00000022   Code   RO         2929    i.fmc_bank1_ready_wait  gd32f30x_fmc.o
    0x0800f106   0x0800f106   0x00000002   PAD
    0x0800f108   0x0800f108   0x00000030   Code   RO         2930    i.fmc_bank1_state_get  gd32f30x_fmc.o
    0x0800f138   0x0800f138   0x00000020   Code   RO         2932    i.fmc_flag_clear    gd32f30x_fmc.o
    0x0800f158   0x0800f158   0x0000002c   Code   RO         2939    i.fmc_lock          gd32f30x_fmc.o
    0x0800f184   0x0800f184   0x000000ec   Code   RO         2941    i.fmc_page_erase    gd32f30x_fmc.o
    0x0800f270   0x0800f270   0x00000044   Code   RO         2942    i.fmc_unlock        gd32f30x_fmc.o
    0x0800f2b4   0x0800f2b4   0x000000c0   Code   RO         2943    i.fmc_word_program  gd32f30x_fmc.o
    0x0800f374   0x0800f374   0x0000004c   Code   RO         5770    i.fputc             usart.o
    0x0800f3c0   0x0800f3c0   0x00000068   Code   RO         3169    i.fwdgt_config      gd32f30x_fwdgt.o
    0x0800f428   0x0800f428   0x00000010   Code   RO         3170    i.fwdgt_counter_reload  gd32f30x_fwdgt.o
    0x0800f438   0x0800f438   0x00000010   Code   RO         3171    i.fwdgt_enable      gd32f30x_fwdgt.o
    0x0800f448   0x0800f448   0x0000001e   Code   RO         7750    i.get_array_item    cjson.o
    0x0800f466   0x0800f466   0x00000004   Code   RO         7751    i.get_decimal_point  cjson.o
    0x0800f46a   0x0800f46a   0x00000052   Code   RO         7752    i.get_object_item   cjson.o
    0x0800f4bc   0x0800f4bc   0x00000004   Code   RO         3214    i.gpio_bit_reset    gd32f30x_gpio.o
    0x0800f4c0   0x0800f4c0   0x00000004   Code   RO         3215    i.gpio_bit_set      gd32f30x_gpio.o
    0x0800f4c4   0x0800f4c4   0x00000098   Code   RO         3223    i.gpio_exti_source_select  gd32f30x_gpio.o
    0x0800f55c   0x0800f55c   0x000000a4   Code   RO         3224    i.gpio_init         gd32f30x_gpio.o
    0x0800f600   0x0800f600   0x00000010   Code   RO         3225    i.gpio_input_bit_get  gd32f30x_gpio.o
    0x0800f610   0x0800f610   0x00000090   Code   RO         3230    i.gpio_pin_remap_config  gd32f30x_gpio.o
    0x0800f6a0   0x0800f6a0   0x00000104   Code   RO         6047    i.i2s_dma_init      i2s.o
    0x0800f7a4   0x0800f7a4   0x0000000a   Code   RO         4356    i.i2s_enable        gd32f30x_spi.o
    0x0800f7ae   0x0800f7ae   0x0000001c   Code   RO         4357    i.i2s_init          gd32f30x_spi.o
    0x0800f7ca   0x0800f7ca   0x000000a4   Code   RO         4358    i.i2s_psc_config    gd32f30x_spi.o
    0x0800f86e   0x0800f86e   0x00000002   PAD
    0x0800f870   0x0800f870   0x00000050   Code   RO         8664    i.internal_alloc    mc_w.l(mallocr.o)
    0x0800f8c0   0x0800f8c0   0x0000005c   Code   RO          211    i.main              main.o
    0x0800f91c   0x0800f91c   0x0000002e   Code   RO         6584    i.mystrstr          bswabstr_ec200s.o
    0x0800f94a   0x0800f94a   0x00000002   PAD
    0x0800f94c   0x0800f94c   0x00000018   Code   RO         3535    i.nvic_irq_disable  gd32f30x_misc.o
    0x0800f964   0x0800f964   0x000000a4   Code   RO         3536    i.nvic_irq_enable   gd32f30x_misc.o
    0x0800fa08   0x0800fa08   0x00000014   Code   RO         3537    i.nvic_priority_group_set  gd32f30x_misc.o
    0x0800fa1c   0x0800fa1c   0x00000014   Code   RO         3538    i.nvic_vector_table_set  gd32f30x_misc.o
    0x0800fa30   0x0800fa30   0x000000f8   Code   RO         7754    i.parse_array       cjson.o
    0x0800fb28   0x0800fb28   0x0000005a   Code   RO         7755    i.parse_hex4        cjson.o
    0x0800fb82   0x0800fb82   0x00000002   PAD
    0x0800fb84   0x0800fb84   0x00000154   Code   RO         7756    i.parse_number      cjson.o
    0x0800fcd8   0x0800fcd8   0x0000014c   Code   RO         7757    i.parse_object      cjson.o
    0x0800fe24   0x0800fe24   0x0000018e   Code   RO         7758    i.parse_string      cjson.o
    0x0800ffb2   0x0800ffb2   0x00000002   PAD
    0x0800ffb4   0x0800ffb4   0x0000013c   Code   RO         7759    i.parse_value       cjson.o
    0x080100f0   0x080100f0   0x000000bc   Code   RO         7760    i.print             cjson.o
    0x080101ac   0x080101ac   0x000000b2   Code   RO         7761    i.print_array       cjson.o
    0x0801025e   0x0801025e   0x00000002   PAD
    0x08010260   0x08010260   0x0000016c   Code   RO         7762    i.print_number      cjson.o
    0x080103cc   0x080103cc   0x00000174   Code   RO         7763    i.print_object      cjson.o
    0x08010540   0x08010540   0x00000010   Code   RO         7764    i.print_string      cjson.o
    0x08010550   0x08010550   0x00000174   Code   RO         7765    i.print_string_ptr  cjson.o
    0x080106c4   0x080106c4   0x00000104   Code   RO         7766    i.print_value       cjson.o
    0x080107c8   0x080107c8   0x00000098   Code   RO          963    i.prvAddCurrentTaskToDelayedList  tasks.o
    0x08010860   0x08010860   0x000000b8   Code   RO          964    i.prvAddNewTaskToReadyList  tasks.o
    0x08010918   0x08010918   0x00000048   Code   RO          965    i.prvCheckTasksWaitingTermination  tasks.o
    0x08010960   0x08010960   0x0000007e   Code   RO          554    i.prvCopyDataToQueue  queue.o
    0x080109de   0x080109de   0x00000012   Code   RO          966    i.prvDeleteTCB      tasks.o
    0x080109f0   0x080109f0   0x00000014   Code   RO          555    i.prvGetDisinheritPriorityAfterTimeout  queue.o
    0x08010a04   0x08010a04   0x0000007c   Code   RO         1352    i.prvHeapInit       heap_4.o
    0x08010a80   0x08010a80   0x00000028   Code   RO          967    i.prvIdleTask       tasks.o
    0x08010aa8   0x08010aa8   0x0000001e   Code   RO          556    i.prvInitialiseMutex  queue.o
    0x08010ac6   0x08010ac6   0x0000002e   Code   RO          557    i.prvInitialiseNewQueue  queue.o
    0x08010af4   0x08010af4   0x000000dc   Code   RO          968    i.prvInitialiseNewTask  tasks.o
    0x08010bd0   0x08010bd0   0x00000068   Code   RO          969    i.prvInitialiseTaskLists  tasks.o
    0x08010c38   0x08010c38   0x00000068   Code   RO         1353    i.prvInsertBlockIntoFreeList  heap_4.o
    0x08010ca0   0x08010ca0   0x0000001a   Code   RO          558    i.prvIsQueueEmpty   queue.o
    0x08010cba   0x08010cba   0x0000001e   Code   RO          559    i.prvIsQueueFull    queue.o
    0x08010cd8   0x08010cd8   0x000000b8   Code   RO          560    i.prvNotifyQueueSetContainer  queue.o
    0x08010d90   0x08010d90   0x00000030   Code   RO          971    i.prvResetNextTaskUnblockTime  tasks.o
    0x08010dc0   0x08010dc0   0x0000006c   Code   RO         1408    i.prvTaskExitError  port.o
    0x08010e2c   0x08010e2c   0x00000078   Code   RO          973    i.prvTaskIsTaskSuspended  tasks.o
    0x08010ea4   0x08010ea4   0x00000090   Code   RO          561    i.prvUnlockQueue    queue.o
    0x08010f34   0x08010f34   0x0000015c   Code   RO         1354    i.pvPortMalloc      heap_4.o
    0x08011090   0x08011090   0x00000020   Code   RO          975    i.pvTaskIncrementMutexHeldCount  tasks.o
    0x080110b0   0x080110b0   0x0000002c   Code   RO         1409    i.pxPortInitialiseStack  port.o
    0x080110dc   0x080110dc   0x0000006c   Code   RO         3725    i.rcu_adc_clock_config  gd32f30x_rcu.o
    0x08011148   0x08011148   0x00000014   Code   RO         3727    i.rcu_all_reset_flag_clear  gd32f30x_rcu.o
    0x0801115c   0x0801115c   0x00000158   Code   RO         3734    i.rcu_clock_freq_get  gd32f30x_rcu.o
    0x080112b4   0x080112b4   0x00000024   Code   RO         3737    i.rcu_flag_get      gd32f30x_rcu.o
    0x080112d8   0x080112d8   0x00000020   Code   RO         3749    i.rcu_osci_on       gd32f30x_rcu.o
    0x080112f8   0x080112f8   0x00000110   Code   RO         3750    i.rcu_osci_stab_wait  gd32f30x_rcu.o
    0x08011408   0x08011408   0x00000020   Code   RO         3752    i.rcu_periph_clock_enable  gd32f30x_rcu.o
    0x08011428   0x08011428   0x00000020   Code   RO         3755    i.rcu_periph_reset_disable  gd32f30x_rcu.o
    0x08011448   0x08011448   0x00000020   Code   RO         3756    i.rcu_periph_reset_enable  gd32f30x_rcu.o
    0x08011468   0x08011468   0x0000006c   Code   RO         8665    i.realloc           mc_w.l(mallocr.o)
    0x080114d4   0x080114d4   0x0000003c   Code   RO         7770    i.skip_utf8_bom     cjson.o
    0x08011510   0x08011510   0x0000000c   Code   RO         4372    i.spi_crc_polynomial_set  gd32f30x_spi.o
    0x0801151c   0x0801151c   0x00000016   Code   RO         4375    i.spi_dma_enable    gd32f30x_spi.o
    0x08011532   0x08011532   0x0000000a   Code   RO         4376    i.spi_enable        gd32f30x_spi.o
    0x0801153c   0x0801153c   0x00000008   Code   RO         4378    i.spi_i2s_data_receive  gd32f30x_spi.o
    0x08011544   0x08011544   0x00000004   Code   RO         4379    i.spi_i2s_data_transmit  gd32f30x_spi.o
    0x08011548   0x08011548   0x00000058   Code   RO         4380    i.spi_i2s_deinit    gd32f30x_spi.o
    0x080115a0   0x080115a0   0x00000010   Code   RO         4381    i.spi_i2s_flag_get  gd32f30x_spi.o
    0x080115b0   0x080115b0   0x00000030   Code   RO         4382    i.spi_i2s_interrupt_disable  gd32f30x_spi.o
    0x080115e0   0x080115e0   0x00000032   Code   RO         4385    i.spi_init          gd32f30x_spi.o
    0x08011612   0x08011612   0x00000006   Code   RO         7771    i.suffix_object     cjson.o
    0x08011618   0x08011618   0x00000110   Code   RO         1488    i.system_clock_120m_hxtal  system_gd32f30x.o
    0x08011728   0x08011728   0x00000008   Code   RO         1489    i.system_clock_config  system_gd32f30x.o
    0x08011730   0x08011730   0x0000003c   Code   RO         5671    i.system_init       system.o
    0x0801176c   0x0801176c   0x00000114   Code   RO         5672    i.system_reset_reason  system.o
    0x08011880   0x08011880   0x00000028   Code   RO         3541    i.systick_clksource_set  gd32f30x_misc.o
    0x080118a8   0x080118a8   0x00000074   Code   RO          358    i.systick_config    systick.o
    0x0801191c   0x0801191c   0x00000074   Code   RO         5708    i.timer7_init       timer.o
    0x08011990   0x08011990   0x0000000a   Code   RO         4604    i.timer_auto_reload_shadow_enable  gd32f30x_timer.o
    0x0801199a   0x0801199a   0x00000002   PAD
    0x0801199c   0x0801199c   0x000000dc   Code   RO         4631    i.timer_deinit      gd32f30x_timer.o
    0x08011a78   0x08011a78   0x0000000a   Code   RO         4632    i.timer_disable     gd32f30x_timer.o
    0x08011a82   0x08011a82   0x0000000a   Code   RO         4636    i.timer_enable      gd32f30x_timer.o
    0x08011a8c   0x08011a8c   0x00000008   Code   RO         4643    i.timer_flag_clear  gd32f30x_timer.o
    0x08011a94   0x08011a94   0x00000098   Code   RO         4646    i.timer_init        gd32f30x_timer.o
    0x08011b2c   0x08011b2c   0x00000008   Code   RO         4652    i.timer_interrupt_disable  gd32f30x_timer.o
    0x08011b34   0x08011b34   0x00000008   Code   RO         4653    i.timer_interrupt_enable  gd32f30x_timer.o
    0x08011b3c   0x08011b3c   0x00000008   Code   RO         4654    i.timer_interrupt_flag_clear  gd32f30x_timer.o
    0x08011b44   0x08011b44   0x00000018   Code   RO         4655    i.timer_interrupt_flag_get  gd32f30x_timer.o
    0x08011b5c   0x08011b5c   0x0000000e   Code   RO         4659    i.timer_prescaler_config  gd32f30x_timer.o
    0x08011b6a   0x08011b6a   0x00000002   PAD
    0x08011b6c   0x08011b6c   0x000000c8   Code   RO          976    i.ulTaskGenericNotifyTake  tasks.o
    0x08011c34   0x08011c34   0x00000024   Code   RO         7772    i.update_offset     cjson.o
    0x08011c58   0x08011c58   0x00000094   Code   RO         5020    i.usart_baudrate_set  gd32f30x_usart.o
    0x08011cec   0x08011cec   0x0000000a   Code   RO         5023    i.usart_data_receive  gd32f30x_usart.o
    0x08011cf6   0x08011cf6   0x00000008   Code   RO         5024    i.usart_data_transmit  gd32f30x_usart.o
    0x08011cfe   0x08011cfe   0x00000002   PAD
    0x08011d00   0x08011d00   0x00000090   Code   RO         5025    i.usart_deinit      gd32f30x_usart.o
    0x08011d90   0x08011d90   0x0000000a   Code   RO         5029    i.usart_enable      gd32f30x_usart.o
    0x08011d9a   0x08011d9a   0x0000001e   Code   RO         5031    i.usart_flag_get    gd32f30x_usart.o
    0x08011db8   0x08011db8   0x0000001a   Code   RO         5038    i.usart_interrupt_enable  gd32f30x_usart.o
    0x08011dd2   0x08011dd2   0x0000001a   Code   RO         5039    i.usart_interrupt_flag_clear  gd32f30x_usart.o
    0x08011dec   0x08011dec   0x00000038   Code   RO         5040    i.usart_interrupt_flag_get  gd32f30x_usart.o
    0x08011e24   0x08011e24   0x00000010   Code   RO         5051    i.usart_parity_config  gd32f30x_usart.o
    0x08011e34   0x08011e34   0x00000010   Code   RO         5053    i.usart_receive_config  gd32f30x_usart.o
    0x08011e44   0x08011e44   0x00000010   Code   RO         5063    i.usart_stop_bit_set  gd32f30x_usart.o
    0x08011e54   0x08011e54   0x00000010   Code   RO         5067    i.usart_transmit_config  gd32f30x_usart.o
    0x08011e64   0x08011e64   0x00000010   Code   RO         5068    i.usart_word_length_set  gd32f30x_usart.o
    0x08011e74   0x08011e74   0x0000012c   Code   RO         7773    i.utf16_literal_to_utf8  cjson.o
    0x08011fa0   0x08011fa0   0x00000028   Code   RO          513    i.uxListRemove      list.o
    0x08011fc8   0x08011fc8   0x0000001a   Code   RO          514    i.vListInitialise   list.o
    0x08011fe2   0x08011fe2   0x00000006   Code   RO          515    i.vListInitialiseItem  list.o
    0x08011fe8   0x08011fe8   0x00000034   Code   RO          516    i.vListInsert       list.o
    0x0801201c   0x0801201c   0x00000018   Code   RO          517    i.vListInsertEnd    list.o
    0x08012034   0x08012034   0x00000084   Code   RO         1411    i.vPortEnterCritical  port.o
    0x080120b8   0x080120b8   0x0000006c   Code   RO         1412    i.vPortExitCritical  port.o
    0x08012124   0x08012124   0x000000c4   Code   RO         1355    i.vPortFree         heap_4.o
    0x080121e8   0x080121e8   0x00000028   Code   RO         1413    i.vPortSetupTimerInterrupt  port.o
    0x08012210   0x08012210   0x00000078   Code   RO          985    i.vTaskDelay        tasks.o
    0x08012288   0x08012288   0x00000110   Code   RO          987    i.vTaskDelete       tasks.o
    0x08012398   0x08012398   0x00000018   Code   RO          991    i.vTaskInternalSetTimeOutState  tasks.o
    0x080123b0   0x080123b0   0x0000000c   Code   RO          993    i.vTaskMissedYield  tasks.o
    0x080123bc   0x080123bc   0x00000058   Code   RO          994    i.vTaskPlaceOnEventList  tasks.o
    0x08012414   0x08012414   0x000000f8   Code   RO          996    i.vTaskPriorityDisinheritAfterTimeout  tasks.o
    0x0801250c   0x0801250c   0x000000b0   Code   RO          999    i.vTaskResume       tasks.o
    0x080125bc   0x080125bc   0x000000a8   Code   RO         1002    i.vTaskStartScheduler  tasks.o
    0x08012664   0x08012664   0x00000120   Code   RO         1003    i.vTaskSuspend      tasks.o
    0x08012784   0x08012784   0x00000010   Code   RO         1004    i.vTaskSuspendAll   tasks.o
    0x08012794   0x08012794   0x000000ac   Code   RO         1005    i.vTaskSwitchContext  tasks.o
    0x08012840   0x08012840   0x00000178   Code   RO         1415    i.xPortStartScheduler  port.o
    0x080129b8   0x080129b8   0x00000034   Code   RO         1416    i.xPortSysTickHandler  port.o
    0x080129ec   0x080129ec   0x00000022   Code   RO          573    i.xQueueCreateMutex  queue.o
    0x08012a0e   0x08012a0e   0x00000002   PAD
    0x08012a10   0x08012a10   0x00000090   Code   RO          575    i.xQueueGenericCreate  queue.o
    0x08012aa0   0x08012aa0   0x000000b4   Code   RO          576    i.xQueueGenericReset  queue.o
    0x08012b54   0x08012b54   0x000001d8   Code   RO          577    i.xQueueGenericSend  queue.o
    0x08012d2c   0x08012d2c   0x00000068   Code   RO          580    i.xQueueGiveMutexRecursive  queue.o
    0x08012d94   0x08012d94   0x000001b8   Code   RO          590    i.xQueueSemaphoreTake  queue.o
    0x08012f4c   0x08012f4c   0x0000006c   Code   RO          591    i.xQueueTakeMutexRecursive  queue.o
    0x08012fb8   0x08012fb8   0x000000a4   Code   RO         1007    i.xTaskCheckForTimeOut  tasks.o
    0x0801305c   0x0801305c   0x00000060   Code   RO         1008    i.xTaskCreate       tasks.o
    0x080130bc   0x080130bc   0x00000180   Code   RO         1009    i.xTaskGenericNotify  tasks.o
    0x0801323c   0x0801323c   0x0000000c   Code   RO         1013    i.xTaskGetCurrentTaskHandle  tasks.o
    0x08013248   0x08013248   0x00000020   Code   RO         1014    i.xTaskGetSchedulerState  tasks.o
    0x08013268   0x08013268   0x00000164   Code   RO         1017    i.xTaskIncrementTick  tasks.o
    0x080133cc   0x080133cc   0x000000d0   Code   RO         1018    i.xTaskPriorityDisinherit  tasks.o
    0x0801349c   0x0801349c   0x000000b8   Code   RO         1019    i.xTaskPriorityInherit  tasks.o
    0x08013554   0x08013554   0x000000b8   Code   RO         1020    i.xTaskRemoveFromEventList  tasks.o
    0x0801360c   0x0801360c   0x00000124   Code   RO         1021    i.xTaskResumeAll    tasks.o
    0x08013730   0x08013730   0x00000200   Data   RO         5894    .constdata          sys.o
    0x08013930   0x08013930   0x00000190   Data   RO         6586    .constdata          bswabstr_ec200s.o
    0x08013ac0   0x08013ac0   0x00000081   Data   RO         8795    .constdata          mc_w.l(ctype_o.o)
    0x08013b41   0x08013b41   0x00000003   PAD
    0x08013b44   0x08013b44   0x00000004   Data   RO         8796    .constdata          mc_w.l(ctype_o.o)
    0x08013b48   0x08013b48   0x00000057   Data   RO         5673    .conststring        system.o
    0x08013b9f   0x08013b9f   0x00000001   PAD
    0x08013ba0   0x08013ba0   0x00000156   Data   RO         6587    .conststring        bswabstr_ec200s.o
    0x08013cf6   0x08013cf6   0x00000002   PAD
    0x08013cf8   0x08013cf8   0x00000020   Data   RO         8829    Region$$Table       anon$$obj.o


    Execution Region RW_IRAM1 (Exec base: 0x20000000, Load base: 0x08013d18, Size: 0x0000fff0, Max: 0x00010000, ABSOLUTE, COMPRESSED[0x000000e0])

    Exec Addr    Load Addr    Size         Type   Attr      Idx    E Section Name        Object

    0x20000000   COMPRESSED   0x00000004   Data   RW           11    .data               gd32f30x_it.o
    0x20000004   COMPRESSED   0x00000009   Data   RW          212    .data               main.o
    0x2000000d   COMPRESSED   0x00000003   PAD
    0x20000010   COMPRESSED   0x0000003c   Data   RW         1024    .data               tasks.o
    0x2000004c   COMPRESSED   0x00000020   Data   RW         1361    .data               heap_4.o
    0x2000006c   COMPRESSED   0x0000000c   Data   RW         1417    .data               port.o
    0x20000078   COMPRESSED   0x00000004   Data   RW         1490    .data               system_gd32f30x.o
    0x2000007c   COMPRESSED   0x00000004   Data   RW         5555    .data               rtc.o
    0x20000080   COMPRESSED   0x00000092   Data   RW         5772    .data               usart.o
    0x20000112   COMPRESSED   0x00000001   Data   RW         6049    .data               i2s.o
    0x20000113   COMPRESSED   0x00000001   PAD
    0x20000114   COMPRESSED   0x00000008   Data   RW         6095    .data               led.o
    0x2000011c   COMPRESSED   0x000000c8   Data   RW         6137    .data               relay_control.o
    0x200001e4   COMPRESSED   0x00000008   Data   RW         6199    .data               charge.o
    0x200001ec   COMPRESSED   0x0000001c   Data   RW         6340    .data               meter.o
    0x20000208   COMPRESSED   0x00000006   Data   RW         6455    .data               order.o
    0x2000020e   COMPRESSED   0x00000002   PAD
    0x20000210   COMPRESSED   0x00000019   Data   RW         6588    .data               bswabstr_ec200s.o
    0x20000229   COMPRESSED   0x00000003   PAD
    0x2000022c   COMPRESSED   0x00000008   Data   RW         7014    .data               netmessage.o
    0x20000234   COMPRESSED   0x0000003c   Data   RW         7280    .data               mcard.o
    0x20000270   COMPRESSED   0x00000010   Data   RW         7402    .data               device_check.o
    0x20000280   COMPRESSED   0x00000008   Data   RW         7597    .data               app_ckbproto.o
    0x20000288   COMPRESSED   0x00000014   Data   RW         7775    .data               cjson.o
    0x2000029c   COMPRESSED   0x00000004   Data   RW         8388    .data               mc_w.l(strtok.o)
    0x200002a0   COMPRESSED   0x00000004   Data   RW         8749    .data               mc_w.l(stdout.o)
    0x200002a4   COMPRESSED   0x00000004   Data   RW         8760    .data               mc_w.l(mvars.o)
    0x200002a8   COMPRESSED   0x00000004   Data   RW         8761    .data               mc_w.l(mvars.o)
    0x200002ac   COMPRESSED   0x00000004   Data   RW         8765    .data               mc_w.l(errno.o)
    0x200002b0        -       0x000002e4   Zero   RW         1023    .bss                tasks.o
    0x20000594        -       0x00007800   Zero   RW         1360    .bss                heap_4.o
    0x20007d94        -       0x00000b24   Zero   RW         5771    .bss                usart.o
    0x200088b8        -       0x000008bd   Zero   RW         6048    .bss                i2s.o
    0x20009175   COMPRESSED   0x00000003   PAD
    0x20009178        -       0x000000c0   Zero   RW         6136    .bss                relay_control.o
    0x20009238        -       0x00000a08   Zero   RW         6198    .bss                charge.o
    0x20009c40        -       0x00000800   Zero   RW         6278    .bss                flash.o
    0x2000a440        -       0x000002f0   Zero   RW         6339    .bss                meter.o
    0x2000a730        -       0x00000289   Zero   RW         6408    .bss                start.o
    0x2000a9b9   COMPRESSED   0x00000003   PAD
    0x2000a9bc        -       0x00000cdc   Zero   RW         6585    .bss                bswabstr_ec200s.o
    0x2000b698        -       0x00000400   Zero   RW         6954    .bss                bswsrv_ec200s.o
    0x2000ba98        -       0x00000021   Zero   RW         7279    .bss                mcard.o
    0x2000bab9   COMPRESSED   0x00000003   PAD
    0x2000babc        -       0x00000030   Zero   RW         7401    .bss                device_check.o
    0x2000baec        -       0x00000100   Zero   RW         7596    .bss                app_ckbproto.o
    0x2000bbec   COMPRESSED   0x00000004   PAD
    0x2000bbf0        -       0x00002400   Zero   RW         1527    HEAP                startup_gd32f30x_hd.o
    0x2000dff0        -       0x00002000   Zero   RW         1526    STACK               startup_gd32f30x_hd.o


==============================================================================

Image component sizes


      Code (inc. data)   RO Data    RW Data    ZI Data      Debug   Object Name

       160         10          0          0          0        566   adc.o
      1168        276          0          8        256       9265   app_ckbproto.o
       132         10          0          0          0       1279   app_gd25xx.o
       288         12          0          0          0       1913   app_voice.o
     10072       3712        742         25       3292      76350   bswabstr_ec200s.o
        98         12          0          0          0       3405   bswdrv_ec200s.o
      1152        410          0          0       1024       5656   bswsrv_ec200s.o
      2160        374          0          8       2568      11165   charge.o
      5750        216          0         20          0      43820   cjson.o
      1228        112          0         16         48       7057   device_check.o
         0          0          0          0          0      13460   event_groups.o
       188          0          0          0          0       4310   fifo.o
       628         18          0          0       2048       7481   flash.o
      1368         70          0          0          0      10898   fm175xx.o
       508          6          0          0          0       7212   gd32f30x_adc.o
        16          4          0          0          0        612   gd32f30x_dbg.o
       914          6          0          0          0       9132   gd32f30x_dma.o
       248         20          0          0          0       2778   gd32f30x_exti.o
       736         66          0          0          0       6163   gd32f30x_fmc.o
       136         22          0          0          0       2049   gd32f30x_fwdgt.o
       484         12          0          0          0       4679   gd32f30x_gpio.o
       100         14          0          4          0      87014   gd32f30x_it.o
       268         32          0          0          0       3431   gd32f30x_misc.o
       908         90          0          0          0       6748   gd32f30x_rcu.o
       460          6          0          0          0       9006   gd32f30x_spi.o
       472         40          0          0          0       7936   gd32f30x_timer.o
       538         16          0          0          0       9822   gd32f30x_usart.o
       620         42          0          0          0       4835   gpio.o
       772        176          0         32      30720       4071   heap_4.o
       928         82          0          1       2237       4741   i2s.o
        88         14          0          8          0       2206   led.o
       148          0          0          0          0       3342   list.o
       616        184          0          9          0      13390   main.o
      1574        170          0         60         33      10033   mcard.o
      4196        230          0         28        752      10488   meter.o
      6846       1796          0          8          0      21066   netmessage.o
       872        148          0          6          0       7442   order.o
      1050        302          0         12          0      10300   port.o
      2088        300          0          0          0      15563   queue.o
       426         72          0        200        192       5153   relay_control.o
       172         26          0          4          0       2317   rtc.o
       408         36          0          0          0       3457   spi.o
       632        198          0          0        649       2955   start.o
        36          8        304          0      17408        924   startup_gd32f30x_hd.o
         0          0          0          0          0        384   stream_buffer.o
       140          8        512          0          0       2813   sys.o
       336        144         87          0          0       1148   system.o
       360         30          0          4          0       2099   system_gd32f30x.o
       116         14          0          0          0      27176   systick.o
      4686       1194          0         60        740      37051   tasks.o
       462         16          0          0          0       4515   timer.o
      1310        164          0        146       2852       8388   usart.o
        60          0          0          0          0       1071   watchdog.o

    ----------------------------------------------------------------------
     59180      10920       1680        668      64832     560135   Object Totals
         0          0         32          0          0          0   (incl. Generated)
        58          0          3          9         13          0   (incl. Padding)

    ----------------------------------------------------------------------

      Code (inc. data)   RO Data    RW Data    ZI Data      Debug   Library Member Name

        20          0          0          0          0        124   fabs.o
        40         10          0          0          0        128   strtod.o
        56          8          0          0          0         84   __0sscanf.o
        86          0          0          0          0          0   __dczerorl2.o
        28          0          0          0          0         68   _chval.o
       812          4          0          0          0        112   _scanf.o
       332          0          0          0          0         96   _scanf_int.o
       224          0          0          0          0         96   _scanf_str.o
        64          0          0          0          0         84   _sgetc.o
       158          0          0          0          0         92   _strtoul.o
        26          0          0          0          0         80   atoi.o
         8          4        133          0          0         68   ctype_o.o
         0          0          0          0          0          0   entry.o
         0          0          0          0          0          0   entry10a.o
         0          0          0          0          0          0   entry11a.o
         8          4          0          0          0          0   entry2.o
         4          0          0          0          0          0   entry5.o
         0          0          0          0          0          0   entry7b.o
         0          0          0          0          0          0   entry8b.o
         8          4          0          0          0          0   entry9a.o
         8          4          0          4          0         68   errno.o
        30          0          0          0          0          0   handlers.o
        36          8          0          0          0         68   init.o
        18          0          0          0          0         76   isspace_o.o
         0          0          0          0          0          0   iusefp.o
        30          0          0          0          0         68   llshl.o
        36          0          0          0          0         68   llsshr.o
        32          0          0          0          0         68   llushr.o
       360         30          0          0          0        356   mallocr.o
        26          0          0          0          0         80   memcmp.o
        64          0          0          0          0         76   memmovea.o
        36          0          0          0          0        108   memseta.o
         0          0          0          8          0          0   mvars.o
      2308         96          0          0          0        604   printfa.o
        40          8          0          0          0         84   scanf_char.o
       878         12          0          0          0        216   scanf_fp.o
         0          0          0          4          0          0   stdout.o
        28          0          0          0          0         76   strcmp.o
        18          0          0          0          0         68   strcpy.o
        14          0          0          0          0         68   strlen.o
        30          0          0          0          0         80   strncmp.o
        24          0          0          0          0         76   strncpy.o
        36          0          0          0          0         80   strstr.o
       156         12          0          0          0        120   strtod.o
        68          6          0          4          0         80   strtok.o
       112          0          0          0          0         88   strtol.o
        12          0          0          0          0         68   tolower.o
        44          0          0          0          0         80   uidiv.o
        98          0          0          0          0         92   uldiv.o
        48          0          0          0          0         68   cdcmple.o
        48          0          0          0          0         68   cdrcmple.o
        56          0          0          0          0         88   d2f.o
       334          0          0          0          0        148   dadd.o
       222          0          0          0          0        100   ddiv.o
       186          0          0          0          0        176   depilogue.o
        62          0          0          0          0         80   dfixi.o
        48          0          0          0          0         68   dfixul.o
        34          0          0          0          0         76   dflti.o
        26          0          0          0          0         76   dfltui.o
        24          0          0          0          0         76   dfltul.o
       228          0          0          0          0         96   dmul.o
        38          0          0          0          0         68   f2d.o
       110          0          0          0          0        168   fepilogue.o

    ----------------------------------------------------------------------
      7892        210        136         20          0       5304   Library Totals
        12          0          3          0          0          0   (incl. Padding)

    ----------------------------------------------------------------------

      Code (inc. data)   RO Data    RW Data    ZI Data      Debug   Library Name

        60         10          0          0          0        252   m_wm.l
      6356        200        133         20          0       3696   mc_w.l
      1464          0          0          0          0       1356   mf_w.l

    ----------------------------------------------------------------------
      7892        210        136         20          0       5304   Library Totals

    ----------------------------------------------------------------------

==============================================================================


      Code (inc. data)   RO Data    RW Data    ZI Data      Debug   

     67072      11130       1816        688      64832     518515   Grand Totals
     67072      11130       1816        224      64832     518515   ELF Image Totals (compressed)
     67072      11130       1816        224          0          0   ROM Totals

==============================================================================

    Total RO  Size (Code + RO Data)                68888 (  67.27kB)
    Total RW  Size (RW Data + ZI Data)             65520 (  63.98kB)
    Total ROM Size (Code + RO Data + RW Data)      69112 (  67.49kB)

==============================================================================

